Archive member included to satisfy reference by file (symbol)

c:/st/stm32cubeide_1.0.2/stm32cubeide/plugins/com.st.stm32cube.ide.mcu.externaltools.gnu-tools-for-stm32.7-2018-q2-update.win32_1.0.0.201904181610/tools/bin/../lib/gcc/arm-none-eabi/7.3.1/../../../../arm-none-eabi/lib/thumb/v7e-m/fpv4-sp/hard\libc_nano.a(lib_a-errno.o)
                              Src/syscalls.o (__errno)
c:/st/stm32cubeide_1.0.2/stm32cubeide/plugins/com.st.stm32cube.ide.mcu.externaltools.gnu-tools-for-stm32.7-2018-q2-update.win32_1.0.0.201904181610/tools/bin/../lib/gcc/arm-none-eabi/7.3.1/../../../../arm-none-eabi/lib/thumb/v7e-m/fpv4-sp/hard\libc_nano.a(lib_a-exit.o)
                              c:/st/stm32cubeide_1.0.2/stm32cubeide/plugins/com.st.stm32cube.ide.mcu.externaltools.gnu-tools-for-stm32.7-2018-q2-update.win32_1.0.0.201904181610/tools/bin/../lib/gcc/arm-none-eabi/7.3.1/../../../../arm-none-eabi/lib/thumb/v7e-m/fpv4-sp/hard/crt0.o (exit)
c:/st/stm32cubeide_1.0.2/stm32cubeide/plugins/com.st.stm32cube.ide.mcu.externaltools.gnu-tools-for-stm32.7-2018-q2-update.win32_1.0.0.201904181610/tools/bin/../lib/gcc/arm-none-eabi/7.3.1/../../../../arm-none-eabi/lib/thumb/v7e-m/fpv4-sp/hard\libc_nano.a(lib_a-impure.o)
                              c:/st/stm32cubeide_1.0.2/stm32cubeide/plugins/com.st.stm32cube.ide.mcu.externaltools.gnu-tools-for-stm32.7-2018-q2-update.win32_1.0.0.201904181610/tools/bin/../lib/gcc/arm-none-eabi/7.3.1/../../../../arm-none-eabi/lib/thumb/v7e-m/fpv4-sp/hard\libc_nano.a(lib_a-exit.o) (_global_impure_ptr)
c:/st/stm32cubeide_1.0.2/stm32cubeide/plugins/com.st.stm32cube.ide.mcu.externaltools.gnu-tools-for-stm32.7-2018-q2-update.win32_1.0.0.201904181610/tools/bin/../lib/gcc/arm-none-eabi/7.3.1/../../../../arm-none-eabi/lib/thumb/v7e-m/fpv4-sp/hard\libc_nano.a(lib_a-init.o)
                              c:/st/stm32cubeide_1.0.2/stm32cubeide/plugins/com.st.stm32cube.ide.mcu.externaltools.gnu-tools-for-stm32.7-2018-q2-update.win32_1.0.0.201904181610/tools/bin/../lib/gcc/arm-none-eabi/7.3.1/../../../../arm-none-eabi/lib/thumb/v7e-m/fpv4-sp/hard/crt0.o (__libc_init_array)
c:/st/stm32cubeide_1.0.2/stm32cubeide/plugins/com.st.stm32cube.ide.mcu.externaltools.gnu-tools-for-stm32.7-2018-q2-update.win32_1.0.0.201904181610/tools/bin/../lib/gcc/arm-none-eabi/7.3.1/../../../../arm-none-eabi/lib/thumb/v7e-m/fpv4-sp/hard\libc_nano.a(lib_a-memcmp.o)
                              Src/SEGGER/SEGGER_SYSVIEW_FreeRTOS.o (memcmp)
c:/st/stm32cubeide_1.0.2/stm32cubeide/plugins/com.st.stm32cube.ide.mcu.externaltools.gnu-tools-for-stm32.7-2018-q2-update.win32_1.0.0.201904181610/tools/bin/../lib/gcc/arm-none-eabi/7.3.1/../../../../arm-none-eabi/lib/thumb/v7e-m/fpv4-sp/hard\libc_nano.a(lib_a-memcpy-stub.o)
                              Src/FreeRTOS_Source/queue.o (memcpy)
c:/st/stm32cubeide_1.0.2/stm32cubeide/plugins/com.st.stm32cube.ide.mcu.externaltools.gnu-tools-for-stm32.7-2018-q2-update.win32_1.0.0.201904181610/tools/bin/../lib/gcc/arm-none-eabi/7.3.1/../../../../arm-none-eabi/lib/thumb/v7e-m/fpv4-sp/hard\libc_nano.a(lib_a-memset.o)
                              c:/st/stm32cubeide_1.0.2/stm32cubeide/plugins/com.st.stm32cube.ide.mcu.externaltools.gnu-tools-for-stm32.7-2018-q2-update.win32_1.0.0.201904181610/tools/bin/../lib/gcc/arm-none-eabi/7.3.1/../../../../arm-none-eabi/lib/thumb/v7e-m/fpv4-sp/hard/crt0.o (memset)
c:/st/stm32cubeide_1.0.2/stm32cubeide/plugins/com.st.stm32cube.ide.mcu.externaltools.gnu-tools-for-stm32.7-2018-q2-update.win32_1.0.0.201904181610/tools/bin/../lib/gcc/arm-none-eabi/7.3.1/../../../../arm-none-eabi/lib/thumb/v7e-m/fpv4-sp/hard\libc_nano.a(lib_a-strlen.o)
                              Src/SEGGER/SEGGER_RTT.o (strlen)
c:/st/stm32cubeide_1.0.2/stm32cubeide/plugins/com.st.stm32cube.ide.mcu.externaltools.gnu-tools-for-stm32.7-2018-q2-update.win32_1.0.0.201904181610/tools/bin/../lib/gcc/arm-none-eabi/7.3.1/../../../../arm-none-eabi/lib/thumb/v7e-m/fpv4-sp/hard\libc_nano.a(lib_a-vsnprintf.o)
                              Src/SEGGER/SEGGER_RTT_Syscalls_SES.o (vsnprintf)
c:/st/stm32cubeide_1.0.2/stm32cubeide/plugins/com.st.stm32cube.ide.mcu.externaltools.gnu-tools-for-stm32.7-2018-q2-update.win32_1.0.0.201904181610/tools/bin/../lib/gcc/arm-none-eabi/7.3.1/../../../../arm-none-eabi/lib/thumb/v7e-m/fpv4-sp/hard\libc_nano.a(lib_a-nano-svfprintf.o)
                              c:/st/stm32cubeide_1.0.2/stm32cubeide/plugins/com.st.stm32cube.ide.mcu.externaltools.gnu-tools-for-stm32.7-2018-q2-update.win32_1.0.0.201904181610/tools/bin/../lib/gcc/arm-none-eabi/7.3.1/../../../../arm-none-eabi/lib/thumb/v7e-m/fpv4-sp/hard\libc_nano.a(lib_a-vsnprintf.o) (_svfprintf_r)
c:/st/stm32cubeide_1.0.2/stm32cubeide/plugins/com.st.stm32cube.ide.mcu.externaltools.gnu-tools-for-stm32.7-2018-q2-update.win32_1.0.0.201904181610/tools/bin/../lib/gcc/arm-none-eabi/7.3.1/../../../../arm-none-eabi/lib/thumb/v7e-m/fpv4-sp/hard\libc_nano.a(lib_a-nano-vfprintf_i.o)
[...]
Memory Configuration

Name             Origin             Length             Attributes
CCMRAM           0x0000000010000000 0x0000000000010000 xrw
RAM              0x0000000020000000 0x0000000000020000 xrw
FLASH            0x0000000008000000 0x0000000000100000 xr
*default*        0x0000000000000000 0xffffffffffffffff

Linker script and memory map

LOAD c:/st/stm32cubeide_1.0.2/stm32cubeide/plugins/com.st.stm32cube.ide.mcu.externaltools.gnu-tools-for-stm32.7-2018-q2-update.win32_1.0.0.201904181610/tools/bin/../lib/gcc/arm-none-eabi/7.3.1/thumb/v7e-m/fpv4-sp/hard/crti.o
LOAD c:/st/stm32cubeide_1.0.2/stm32cubeide/plugins/com.st.stm32cube.ide.mcu.externaltools.gnu-tools-for-stm32.7-2018-q2-update.win32_1.0.0.201904181610/tools/bin/../lib/gcc/arm-none-eabi/7.3.1/thumb/v7e-m/fpv4-sp/hard/crtbegin.o
LOAD c:/st/stm32cubeide_1.0.2/stm32cubeide/plugins/com.st.stm32cube.ide.mcu.externaltools.gnu-tools-for-stm32.7-2018-q2-update.win32_1.0.0.201904181610/tools/bin/../lib/gcc/arm-none-eabi/7.3.1/../../../../arm-none-eabi/lib/thumb/v7e-m/fpv4-sp/hard/crt0.o
LOAD CMN_STD/StdDebug.o
LOAD DRV-SYS/sys_cfg_stm32f407.o
LOAD DRV-SYS/sys_cfg_stm32f407_interrupts.o
LOAD DRV_GPIO/GPIO.o
LOAD DRV_GPIO/GPIO_INTERRUPTS.o
LOAD Drivers/STM32F4xx_HAL_Driver/Src/stm32f4xx_hal.o
LOAD Drivers/STM32F4xx_HAL_Driver/Src/stm32f4xx_hal_cortex.o
LOAD Drivers/STM32F4xx_HAL_Driver/Src/stm32f4xx_hal_dma.o
LOAD Drivers/STM32F4xx_HAL_Driver/Src/stm32f4xx_hal_dma_ex.o
LOAD Drivers/STM32F4xx_HAL_Driver/Src/stm32f4xx_hal_exti.o
LOAD Drivers/STM32F4xx_HAL_Driver/Src/stm32f4xx_hal_flash.o
LOAD Drivers/STM32F4xx_HAL_Driver/Src/stm32f4xx_hal_flash_ex.o
LOAD Drivers/STM32F4xx_HAL_Driver/Src/stm32f4xx_hal_flash_ramfunc.o
LOAD Drivers/STM32F4xx_HAL_Driver/Src/stm32f4xx_hal_gpio.o
LOAD Drivers/STM32F4xx_HAL_Driver/Src/stm32f4xx_hal_pwr.o
LOAD Drivers/STM32F4xx_HAL_Driver/Src/stm32f4xx_hal_pwr_ex.o
LOAD Drivers/STM32F4xx_HAL_Driver/Src/stm32f4xx_hal_rcc.o
LOAD Drivers/STM32F4xx_HAL_Driver/Src/stm32f4xx_hal_rcc_ex.o
LOAD Drivers/STM32F4xx_HAL_Driver/Src/stm32f4xx_hal_tim.o
LOAD Drivers/STM32F4xx_HAL_Driver/Src/stm32f4xx_hal_tim_ex.o
LOAD Src/FreeRTOS_Source/croutine.o
LOAD Src/FreeRTOS_Source/event_groups.o
LOAD Src/FreeRTOS_Source/list.o
LOAD Src/FreeRTOS_Source/queue.o
LOAD Src/FreeRTOS_Source/stream_buffer.o
LOAD Src/FreeRTOS_Source/tasks.o
LOAD Src/FreeRTOS_Source/timers.o
LOAD Src/FreeRTOS_Source/portable/GCC/ARM_CM4F/port.o
LOAD Src/FreeRTOS_Source/portable/MemMang/heap_4.o
LOAD Src/MS/MS_FREERTOS.o
LOAD Src/SEGGER/SEGGER_HardFaultHandler.o
LOAD Src/SEGGER/SEGGER_RTT.o
LOAD Src/SEGGER/SEGGER_RTT_Syscalls_SES.o
LOAD Src/SEGGER/SEGGER_SYSVIEW.o
LOAD Src/SEGGER/SEGGER_SYSVIEW_Config_FreeRTOS.o
LOAD Src/SEGGER/SEGGER_SYSVIEW_FreeRTOS.o
LOAD Src/main.o
LOAD Src/stm32f4xx_hal_msp.o
LOAD Src/stm32f4xx_it.o
LOAD Src/syscalls.o
LOAD Src/sysmem.o
LOAD Src/system_stm32f4xx.o
LOAD Startup/startup_stm32f407vgtx.o
LOAD C:\Users\GESSE\Desktop\WORKSPACE_edf\FreeRTOS\Drivers\CMSIS\Lib\libarm_cortexM4lf_math.a
START GROUP
LOAD c:/st/stm32cubeide_1.0.2/stm32cubeide/plugins/com.st.stm32cube.ide.mcu.externaltools.gnu-tools-for-stm32.7-2018-q2-update.win32_1.0.0.201904181610/tools/bin/../lib/gcc/arm-none-eabi/7.3.1/../../../../arm-none-eabi/lib/thumb/v7e-m/fpv4-sp/hard\libc_nano.a
LOAD c:/st/stm32cubeide_1.0.2/stm32cubeide/plugins/com.st.stm32cube.ide.mcu.externaltools.gnu-tools-for-stm32.7-2018-q2-update.win32_1.0.0.201904181610/tools/bin/../lib/gcc/arm-none-eabi/7.3.1/../../../../arm-none-eabi/lib/thumb/v7e-m/fpv4-sp/hard\libm.a
END GROUP
START GROUP
LOAD c:/st/stm32cubeide_1.0.2/stm32cubeide/plugins/com.st.stm32cube.ide.mcu.externaltools.gnu-tools-for-stm32.7-2018-q2-update.win32_1.0.0.201904181610/tools/bin/../lib/gcc/arm-none-eabi/7.3.1/thumb/v7e-m/fpv4-sp/hard\libgcc.a
LOAD c:/st/stm32cubeide_1.0.2/stm32cubeide/plugins/com.st.stm32cube.ide.mcu.externaltools.gnu-tools-for-stm32.7-2018-q2-update.win32_1.0.0.201904181610/tools/bin/../lib/gcc/arm-none-eabi/7.3.1/../../../../arm-none-eabi/lib/thumb/v7e-m/fpv4-sp/hard\libc_nano.a
END GROUP
START GROUP
LOAD c:/st/stm32cubeide_1.0.2/stm32cubeide/plugins/com.st.stm32cube.ide.mcu.externaltools.gnu-tools-for-stm32.7-2018-q2-update.win32_1.0.0.201904181610/tools/bin/../lib/gcc/arm-none-eabi/7.3.1/thumb/v7e-m/fpv4-sp/hard\libgcc.a
LOAD c:/st/stm32cubeide_1.0.2/stm32cubeide/plugins/com.st.stm32cube.ide.mcu.externaltools.gnu-tools-for-stm32.7-2018-q2-update.win32_1.0.0.201904181610/tools/bin/../lib/gcc/arm-none-eabi/7.3.1/../../../../arm-none-eabi/lib/thumb/v7e-m/fpv4-sp/hard\libc_nano.a
LOAD c:/st/stm32cubeide_1.0.2/stm32cubeide/plugins/com.st.stm32cube.ide.mcu.externaltools.gnu-tools-for-stm32.7-2018-q2-update.win32_1.0.0.201904181610/tools/bin/../lib/gcc/arm-none-eabi/7.3.1/../../../../arm-none-eabi/lib/thumb/v7e-m/fpv4-sp/hard\libnosys.a
END GROUP
START GROUP
LOAD c:/st/stm32cubeide_1.0.2/stm32cubeide/plugins/com.st.stm32cube.ide.mcu.externaltools.gnu-tools-for-stm32.7-2018-q2-update.win32_1.0.0.201904181610/tools/bin/../lib/gcc/arm-none-eabi/7.3.1/thumb/v7e-m/fpv4-sp/hard\libgcc.a
LOAD c:/st/stm32cubeide_1.0.2/stm32cubeide/plugins/com.st.stm32cube.ide.mcu.externaltools.gnu-tools-for-stm32.7-2018-q2-update.win32_1.0.0.201904181610/tools/bin/../lib/gcc/arm-none-eabi/7.3.1/../../../../arm-none-eabi/lib/thumb/v7e-m/fpv4-sp/hard\libc_nano.a
LOAD c:/st/stm32cubeide_1.0.2/stm32cubeide/plugins/com.st.stm32cube.ide.mcu.externaltools.gnu-tools-for-stm32.7-2018-q2-update.win32_1.0.0.201904181610/tools/bin/../lib/gcc/arm-none-eabi/7.3.1/../../../../arm-none-eabi/lib/thumb/v7e-m/fpv4-sp/hard\libnosys.a
END GROUP
LOAD c:/st/stm32cubeide_1.0.2/stm32cubeide/plugins/com.st.stm32cube.ide.mcu.externaltools.gnu-tools-for-stm32.7-2018-q2-update.win32_1.0.0.201904181610/tools/bin/../lib/gcc/arm-none-eabi/7.3.1/thumb/v7e-m/fpv4-sp/hard/crtend.o
LOAD c:/st/stm32cubeide_1.0.2/stm32cubeide/plugins/com.st.stm32cube.ide.mcu.externaltools.gnu-tools-for-stm32.7-2018-q2-update.win32_1.0.0.201904181610/tools/bin/../lib/gcc/arm-none-eabi/7.3.1/thumb/v7e-m/fpv4-sp/hard/crtn.o
                0x0000000020020000                _estack = 0x20020000
                0x0000000000000200                _Min_Heap_Size = 0x200
                0x0000000000000400                _Min_Stack_Size = 0x400

.isr_vector     0x0000000008000000      0x188
                0x0000000008000000                . = ALIGN (0x4)
 *(.isr_vector)
 .isr_vector    0x0000000008000000      0x188 Startup/startup_stm32f407vgtx.o
                0x0000000008000000                g_pfnVectors
                0x0000000008000188                . = ALIGN (0x4)

.text           0x0000000008000190     0x56a8
                0x0000000008000190                . = ALIGN (0x4)
 *(.text)
 .text          0x0000000008000190       0x40 c:/st/stm32cubeide_1.0.2/stm32cubeide/plugins/com.st.stm32cube.ide.mcu.externaltools.gnu-tools-for-stm32.7-2018-q2-update.win32_1.0.0.201904181610/tools/bin/../lib/gcc/arm-none-eabi/7.3.1/thumb/v7e-m/fpv4-sp/hard/crtbegin.o
 .text          0x00000000080001d0      0x378 c:/st/stm32cubeide_1.0.2/stm32cubeide/plugins/com.st.stm32cube.ide.mcu.externaltools.gnu-tools-for-stm32.7-2018-q2-update.win32_1.0.0.201904181610/tools/bin/../lib/gcc/arm-none-eabi/7.3.1/thumb/v7e-m/fpv4-sp/hard\libgcc.a(_arm_addsubdf3.o)
                0x00000000080001d0                __aeabi_drsub
                0x00000000080001d8                __aeabi_dsub
                0x00000000080001d8                __subdf3
                0x00000000080001dc                __aeabi_dadd
                0x00000000080001dc                __adddf3
                0x0000000008000454                __floatunsidf
                0x0000000008000454                __aeabi_ui2d
                0x0000000008000474                __floatsidf
                0x0000000008000474                __aeabi_i2d
                0x0000000008000498                __aeabi_f2d
                0x0000000008000498                __extendsfdf2
                0x00000000080004dc                __floatundidf
                0x00000000080004dc                __aeabi_ul2d
                0x00000000080004ec                __floatdidf
                0x00000000080004ec                __aeabi_l2d
 .text          0x0000000008000548      0x424 c:/st/stm32cubeide_1.0.2/stm32cubeide/plugins/com.st.stm32cube.ide.mcu.externaltools.gnu-tools-for-stm32.7-2018-q2-update.win32_1.0.0.201904181610/tools/bin/../lib/gcc/arm-none-eabi/7.3.1/thumb/v7e-m/fpv4-sp/hard\libgcc.a(_arm_muldivdf3.o)
                0x0000000008000548                __aeabi_dmul
                0x0000000008000548                __muldf3
                0x000000000800079c                __divdf3
                0x000000000800079c                __aeabi_ddiv
 .text          0x000000000800096c       0xa0 c:/st/stm32cubeide_1.0.2/stm32cubeide/plugins/com.st.stm32cube.ide.mcu.externaltools.gnu-tools-for-stm32.7-2018-q2-update.win32_1.0.0.201904181610/tools/bin/../lib/gcc/arm-none-eabi/7.3.1/thumb/v7e-m/fpv4-sp/hard\libgcc.a(_arm_truncdfsf2.o)
                0x000000000800096c                __truncdfsf2
                0x000000000800096c                __aeabi_d2f
 *(.text*)
 .text.NVIC_SetPriorityGrouping
                0x0000000008000a0c       0x48 DRV-SYS/sys_cfg_stm32f407.o
 .text.NVIC_SetPriority
                0x0000000008000a54       0x54 DRV-SYS/sys_cfg_stm32f407.o
 .text.SysTick_Config
                0x0000000008000aa8       0x44 DRV-SYS/sys_cfg_stm32f407.o
 .text.Sys_Enable_Peripherals_Clock
                0x0000000008000aec       0x3c DRV-SYS/sys_cfg_stm32f407.o
                0x0000000008000aec                Sys_Enable_Peripherals_Clock
 .text.Sys_Configure_Clock_168MHz
                0x0000000008000b28       0xa0 DRV-SYS/sys_cfg_stm32f407.o
                0x0000000008000b28                Sys_Configure_Clock_168MHz
 .text.GPIO_Init
                0x0000000008000bc8      0xa30 DRV_GPIO/GPIO.o
                0x0000000008000bc8                GPIO_Init
 .text.GPIO_SetOutput
                0x00000000080015f8       0x8c DRV_GPIO/GPIO.o
                0x00000000080015f8                GPIO_SetOutput
 .text.GPIO_ClearOutput
                0x0000000008001684       0x8c DRV_GPIO/GPIO.o
                0x0000000008001684                GPIO_ClearOutput
 .text.GPIO_ToggleOutput
                0x0000000008001710       0x8c DRV_GPIO/GPIO.o
                0x0000000008001710                GPIO_ToggleOutput
 .text.HAL_PWR_EnterSLEEPMode
                0x000000000800179c       0x38 Drivers/STM32F4xx_HAL_Driver/Src/stm32f4xx_hal_pwr.o
                0x000000000800179c                HAL_PWR_EnterSLEEPMode
 .text.vListInitialise
                0x00000000080017d4       0x40 Src/FreeRTOS_Source/list.o
                0x00000000080017d4                vListInitialise
 .text.vListInitialiseItem
                0x0000000008001814       0x1a Src/FreeRTOS_Source/list.o
                0x0000000008001814                vListInitialiseItem
 .text.vListInsertEnd
                0x000000000800182e       0x48 Src/FreeRTOS_Source/list.o
                0x000000000800182e                vListInsertEnd
 .text.uxListRemove
                0x0000000008001876       0x54 Src/FreeRTOS_Source/list.o
                0x0000000008001876                uxListRemove
 *fill*         0x00000000080018ca        0x2 
 .text.NVIC_SetPriority
                0x00000000080018cc       0x54 Src/FreeRTOS_Source/tasks.o
 .text.SysTick_Config
                0x0000000008001920       0x44 Src/FreeRTOS_Source/tasks.o
 .text.xTaskCreate
                0x0000000008001964       0x82 Src/FreeRTOS_Source/tasks.o
                0x0000000008001964                xTaskCreate
 .text.prvInitialiseNewTask
                0x00000000080019e6      0x10c Src/FreeRTOS_Source/tasks.o
 *fill*         0x0000000008001af2        0x2 
 .text.prvAddNewTaskToReadyList
                0x0000000008001af4      0x110 Src/FreeRTOS_Source/tasks.o
 .text.vTaskStartScheduler
                0x0000000008001c04       0xec Src/FreeRTOS_Source/tasks.o
                0x0000000008001c04                vTaskStartScheduler
 .text.vTaskSuspendAll
                0x0000000008001cf0       0x1c Src/FreeRTOS_Source/tasks.o
                0x0000000008001cf0                vTaskSuspendAll
 .text.xTaskResumeAll
                0x0000000008001d0c      0x140 Src/FreeRTOS_Source/tasks.o
                0x0000000008001d0c                xTaskResumeAll
 .text.xTaskGetTickCountFromISR
                0x0000000008001e4c       0x24 Src/FreeRTOS_Source/tasks.o
                0x0000000008001e4c                xTaskGetTickCountFromISR
 .text.healthCheck
                0x0000000008001e70       0xec Src/FreeRTOS_Source/tasks.o
                0x0000000008001e70                healthCheck
 *fill*         0x0000000008001f5c        0x4 
 .text.xTaskIncrementTick
                0x0000000008001f60      0x3c8 Src/FreeRTOS_Source/tasks.o
                0x0000000008001f60                xTaskIncrementTick
 .text.vTaskSwitchContext
                0x0000000008002328      0x15c Src/FreeRTOS_Source/tasks.o
                0x0000000008002328                vTaskSwitchContext
 .text.prvIdleTask
                0x0000000008002484       0x34 Src/FreeRTOS_Source/tasks.o
 .text.prvInitialiseTaskLists
                0x00000000080024b8       0x80 Src/FreeRTOS_Source/tasks.o
 .text.prvCheckTasksWaitingTermination
                0x0000000008002538       0x58 Src/FreeRTOS_Source/tasks.o
 .text.prvDeleteTCB
                0x0000000008002590       0x20 Src/FreeRTOS_Source/tasks.o
 .text.prvResetNextTaskUnblockTime
                0x00000000080025b0       0x40 Src/FreeRTOS_Source/tasks.o
 .text.MsFreeRTOS_CreateTask
                0x00000000080025f0       0xe0 Src/FreeRTOS_Source/tasks.o
                0x00000000080025f0                MsFreeRTOS_CreateTask
 .text.MsFreeRTOS_CreateEnergySavingTask
                0x00000000080026d0       0xe4 Src/FreeRTOS_Source/tasks.o
                0x00000000080026d0                MsFreeRTOS_CreateEnergySavingTask
 .text.Ms_EndJob_Exec
                0x00000000080027b4       0xb4 Src/FreeRTOS_Source/tasks.o
                0x00000000080027b4                Ms_EndJob_Exec
 .text.Ms_EndJobEsTask_Exec
                0x0000000008002868       0x5c Src/FreeRTOS_Source/tasks.o
                0x0000000008002868                Ms_EndJobEsTask_Exec
 .text.NEXT_LIST
                0x00000000080028c4       0x6a Src/FreeRTOS_Source/tasks.o
                0x00000000080028c4                NEXT_LIST
 *fill*         0x000000000800292e        0x2 
 .text.LIST_ADD_HEAD
                0x0000000008002930       0x98 Src/FreeRTOS_Source/tasks.o
                0x0000000008002930                LIST_ADD_HEAD
 .text.LIST_REMOVE_HEAD
                0x00000000080029c8       0xdc Src/FreeRTOS_Source/tasks.o
                0x00000000080029c8                LIST_REMOVE_HEAD
 .text.setup    0x0000000008002aa4       0x40 Src/FreeRTOS_Source/tasks.o
                0x0000000008002aa4                setup
 .text.rel_prmp
                0x0000000008002ae4       0x88 Src/FreeRTOS_Source/tasks.o
                0x0000000008002ae4                rel_prmp
 .text.idle_remv
                0x0000000008002b6c       0x60 Src/FreeRTOS_Source/tasks.o
                0x0000000008002b6c                idle_remv
 .text.rel_no_prmp
                0x0000000008002bcc      0x128 Src/FreeRTOS_Source/tasks.o
                0x0000000008002bcc                rel_no_prmp
 .text.LIST_MOVE_ENTIRE
                0x0000000008002cf4      0x13a Src/FreeRTOS_Source/tasks.o
                0x0000000008002cf4                LIST_MOVE_ENTIRE
 .text.LIST_MOVE_PART
                0x0000000008002e2e      0x34a Src/FreeRTOS_Source/tasks.o
                0x0000000008002e2e                LIST_MOVE_PART
 .text.NOT_READY_LIST_ADD_DECREASE_ORDER
                0x0000000008003178      0x104 Src/FreeRTOS_Source/tasks.o
                0x0000000008003178                NOT_READY_LIST_ADD_DECREASE_ORDER
 .text.NOT_READY_LIST_REMOVE_HEAD
                0x000000000800327c       0x7c Src/FreeRTOS_Source/tasks.o
                0x000000000800327c                NOT_READY_LIST_REMOVE_HEAD
 .text.bitScanForward
                0x00000000080032f8       0x6c Src/FreeRTOS_Source/tasks.o
                0x00000000080032f8                bitScanForward
 .text.Es_Func  0x0000000008003364      0x208 Src/FreeRTOS_Source/tasks.o
                0x0000000008003364                Es_Func
 .text.pxPortInitialiseStack
                0x000000000800356c       0x68 Src/FreeRTOS_Source/portable/GCC/ARM_CM4F/port.o
                0x000000000800356c                pxPortInitialiseStack
 .text.prvTaskExitError
                0x00000000080035d4       0x54 Src/FreeRTOS_Source/portable/GCC/ARM_CM4F/port.o
 *fill*         0x0000000008003628        0x8 
 .text.SVC_Handler
                0x0000000008003630       0x28 Src/FreeRTOS_Source/portable/GCC/ARM_CM4F/port.o
                0x0000000008003630                SVC_Handler
 .text.prvPortStartFirstTask
                0x0000000008003658       0x28 Src/FreeRTOS_Source/portable/GCC/ARM_CM4F/port.o
 .text.xPortStartScheduler
                0x0000000008003680      0x15c Src/FreeRTOS_Source/portable/GCC/ARM_CM4F/port.o
                0x0000000008003680                xPortStartScheduler
 .text.vPortEnterCritical
                0x00000000080037dc       0x5c Src/FreeRTOS_Source/portable/GCC/ARM_CM4F/port.o
                0x00000000080037dc                vPortEnterCritical
 .text.vPortExitCritical
                0x0000000008003838       0x50 Src/FreeRTOS_Source/portable/GCC/ARM_CM4F/port.o
                0x0000000008003838                vPortExitCritical
 *fill*         0x0000000008003888        0x8 
 .text.PendSV_Handler
                0x0000000008003890       0x68 Src/FreeRTOS_Source/portable/GCC/ARM_CM4F/port.o
                0x0000000008003890                PendSV_Handler
 .text.SysTick_Handler
                0x00000000080038f8       0x48 Src/FreeRTOS_Source/portable/GCC/ARM_CM4F/port.o
                0x00000000080038f8                SysTick_Handler
 .text.vPortSetupTimerInterrupt
                0x0000000008003940       0x38 Src/FreeRTOS_Source/portable/GCC/ARM_CM4F/port.o
                0x0000000008003940                vPortSetupTimerInterrupt
 .text.vPortEnableVFP
                0x0000000008003978       0x14 Src/FreeRTOS_Source/portable/GCC/ARM_CM4F/port.o
 .text.vPortValidateInterruptPriority
                0x000000000800398c       0x7c Src/FreeRTOS_Source/portable/GCC/ARM_CM4F/port.o
                0x000000000800398c                vPortValidateInterruptPriority
 .text.pvPortMalloc
                0x0000000008003a08      0x184 Src/FreeRTOS_Source/portable/MemMang/heap_4.o
                0x0000000008003a08                pvPortMalloc
 .text.vPortFree
                0x0000000008003b8c       0xb0 Src/FreeRTOS_Source/portable/MemMang/heap_4.o
                0x0000000008003b8c                vPortFree
 .text.prvHeapInit
                0x0000000008003c3c       0xc4 Src/FreeRTOS_Source/portable/MemMang/heap_4.o
 .text.prvInsertBlockIntoFreeList
                0x0000000008003d00       0xb4 Src/FreeRTOS_Source/portable/MemMang/heap_4.o
 .text._DoInit  0x0000000008003db4       0xa4 Src/SEGGER/SEGGER_RTT.o
 .text.SEGGER_RTT_ReadNoLock
                0x0000000008003e58      0x104 Src/SEGGER/SEGGER_RTT.o
                0x0000000008003e58                SEGGER_RTT_ReadNoLock
 .text.SEGGER_RTT_WriteSkipNoLock
                0x0000000008003f5c      0x120 Src/SEGGER/SEGGER_RTT.o
                0x0000000008003f5c                SEGGER_RTT_WriteSkipNoLock
 .text.SEGGER_RTT_ConfigUpBuffer
                0x000000000800407c       0xd4 Src/SEGGER/SEGGER_RTT.o
                0x000000000800407c                SEGGER_RTT_ConfigUpBuffer
 .text.SEGGER_RTT_ConfigDownBuffer
                0x0000000008004150       0xd4 Src/SEGGER/SEGGER_RTT.o
                0x0000000008004150                SEGGER_RTT_ConfigDownBuffer
 .text._EncodeStr
                0x0000000008004224       0x9a Src/SEGGER/SEGGER_SYSVIEW.o
 .text._PreparePacket
                0x00000000080042be       0x18 Src/SEGGER/SEGGER_SYSVIEW.o
 .text._HandleIncomingPacket
                0x00000000080042d6       0xb8 Src/SEGGER/SEGGER_SYSVIEW.o
 *fill*         0x000000000800438e        0x2 
 .text._TrySendOverflowPacket
                0x0000000008004390       0xe0 Src/SEGGER/SEGGER_SYSVIEW.o
 .text._SendPacket
                0x0000000008004470      0x1a8 Src/SEGGER/SEGGER_SYSVIEW.o
 .text.SEGGER_SYSVIEW_Init
                0x0000000008004618       0x7c Src/SEGGER/SEGGER_SYSVIEW.o
                0x0000000008004618                SEGGER_SYSVIEW_Init
 .text.SEGGER_SYSVIEW_SetRAMBase
                0x0000000008004694       0x20 Src/SEGGER/SEGGER_SYSVIEW.o
                0x0000000008004694                SEGGER_SYSVIEW_SetRAMBase
 .text.SEGGER_SYSVIEW_RecordVoid
                0x00000000080046b4       0x3c Src/SEGGER/SEGGER_SYSVIEW.o
                0x00000000080046b4                SEGGER_SYSVIEW_RecordVoid
 .text.SEGGER_SYSVIEW_RecordU32
                0x00000000080046f0       0x78 Src/SEGGER/SEGGER_SYSVIEW.o
                0x00000000080046f0                SEGGER_SYSVIEW_RecordU32
 .text.SEGGER_SYSVIEW_RecordU32x2
                0x0000000008004768       0xb4 Src/SEGGER/SEGGER_SYSVIEW.o
                0x0000000008004768                SEGGER_SYSVIEW_RecordU32x2
 .text.SEGGER_SYSVIEW_Start
                0x000000000800481c      0x178 Src/SEGGER/SEGGER_SYSVIEW.o
                0x000000000800481c                SEGGER_SYSVIEW_Start
 .text.SEGGER_SYSVIEW_Stop
                0x0000000008004994       0x4c Src/SEGGER/SEGGER_SYSVIEW.o
                0x0000000008004994                SEGGER_SYSVIEW_Stop
 .text.SEGGER_SYSVIEW_GetSysDesc
                0x00000000080049e0      0x134 Src/SEGGER/SEGGER_SYSVIEW.o
                0x00000000080049e0                SEGGER_SYSVIEW_GetSysDesc
 .text.SEGGER_SYSVIEW_SendTaskInfo
                0x0000000008004b14      0x1cc Src/SEGGER/SEGGER_SYSVIEW.o
                0x0000000008004b14                SEGGER_SYSVIEW_SendTaskInfo
 .text.SEGGER_SYSVIEW_SendTaskList
                0x0000000008004ce0       0x28 Src/SEGGER/SEGGER_SYSVIEW.o
                0x0000000008004ce0                SEGGER_SYSVIEW_SendTaskList
 .text.SEGGER_SYSVIEW_SendSysDesc
                0x0000000008004d08       0x48 Src/SEGGER/SEGGER_SYSVIEW.o
                0x0000000008004d08                SEGGER_SYSVIEW_SendSysDesc
 .text.SEGGER_SYSVIEW_RecordSystime
                0x0000000008004d50       0x60 Src/SEGGER/SEGGER_SYSVIEW.o
                0x0000000008004d50                SEGGER_SYSVIEW_RecordSystime
 .text.SEGGER_SYSVIEW_OnIdle
                0x0000000008004db0       0x38 Src/SEGGER/SEGGER_SYSVIEW.o
                0x0000000008004db0                SEGGER_SYSVIEW_OnIdle
 .text.SEGGER_SYSVIEW_OnTaskCreate
                0x0000000008004de8       0x88 Src/SEGGER/SEGGER_SYSVIEW.o
                0x0000000008004de8                SEGGER_SYSVIEW_OnTaskCreate
 .text.SEGGER_SYSVIEW_OnTaskStartExec
                0x0000000008004e70       0x88 Src/SEGGER/SEGGER_SYSVIEW.o
                0x0000000008004e70                SEGGER_SYSVIEW_OnTaskStartExec
 .text.SEGGER_SYSVIEW_OnTaskStartReady
                0x0000000008004ef8       0x88 Src/SEGGER/SEGGER_SYSVIEW.o
                0x0000000008004ef8                SEGGER_SYSVIEW_OnTaskStartReady
 .text.SEGGER_SYSVIEW_SendModule
                0x0000000008004f80      0x100 Src/SEGGER/SEGGER_SYSVIEW.o
                0x0000000008004f80                SEGGER_SYSVIEW_SendModule
 .text.SEGGER_SYSVIEW_SendModuleDescription
                0x0000000008005080       0x3c Src/SEGGER/SEGGER_SYSVIEW.o
                0x0000000008005080                SEGGER_SYSVIEW_SendModuleDescription
 .text.SEGGER_SYSVIEW_SendNumModules
                0x00000000080050bc       0x7c Src/SEGGER/SEGGER_SYSVIEW.o
                0x00000000080050bc                SEGGER_SYSVIEW_SendNumModules
 .text.SEGGER_SYSVIEW_Warn
                0x0000000008005138       0xb8 Src/SEGGER/SEGGER_SYSVIEW.o
                0x0000000008005138                SEGGER_SYSVIEW_Warn
 .text._cbSendSystemDesc
                0x00000000080051f0       0x1c Src/SEGGER/SEGGER_SYSVIEW_Config_FreeRTOS.o
 .text.SEGGER_SYSVIEW_Conf
                0x000000000800520c       0x28 Src/SEGGER/SEGGER_SYSVIEW_Config_FreeRTOS.o
                0x000000000800520c                SEGGER_SYSVIEW_Conf
 .text._cbSendTaskList
                0x0000000008005234       0x90 Src/SEGGER/SEGGER_SYSVIEW_FreeRTOS.o
 .text._cbGetTime
                0x00000000080052c4       0x76 Src/SEGGER/SEGGER_SYSVIEW_FreeRTOS.o
 *fill*         0x000000000800533a        0x2 
 .text.SYSVIEW_AddTask
                0x000000000800533c       0xd0 Src/SEGGER/SEGGER_SYSVIEW_FreeRTOS.o
                0x000000000800533c                SYSVIEW_AddTask
 .text.SYSVIEW_SendTaskInfo
                0x000000000800540c       0x42 Src/SEGGER/SEGGER_SYSVIEW_FreeRTOS.o
                0x000000000800540c                SYSVIEW_SendTaskInfo
 *fill*         0x000000000800544e        0x2 
 .text.vApplicationIdleHook
                0x0000000008005450       0x20 Src/main.o
                0x0000000008005450                vApplicationIdleHook
 .text.TimingDelay
                0x0000000008005470       0x48 Src/main.o
                0x0000000008005470                TimingDelay
 .text.MyTask_Func1
                0x00000000080054b8       0x28 Src/main.o
                0x00000000080054b8                MyTask_Func1
 .text.MyTask_Func2
                0x00000000080054e0       0x28 Src/main.o
                0x00000000080054e0                MyTask_Func2
 .text.MyTask_Func3
                0x0000000008005508       0x28 Src/main.o
                0x0000000008005508                MyTask_Func3
 .text.main     0x0000000008005530      0x170 Src/main.o
                0x0000000008005530                main
 .text.NMI_Handler
                0x00000000080056a0        0xe Src/stm32f4xx_it.o
                0x00000000080056a0                NMI_Handler
 .text.HardFault_Handler
                0x00000000080056ae        0x6 Src/stm32f4xx_it.o
                0x00000000080056ae                HardFault_Handler
 .text.MemManage_Handler
                0x00000000080056b4        0x6 Src/stm32f4xx_it.o
                0x00000000080056b4                MemManage_Handler
 .text.BusFault_Handler
                0x00000000080056ba        0x6 Src/stm32f4xx_it.o
                0x00000000080056ba                BusFault_Handler
 .text.UsageFault_Handler
                0x00000000080056c0        0x6 Src/stm32f4xx_it.o
                0x00000000080056c0                UsageFault_Handler
 .text.DebugMon_Handler
                0x00000000080056c6        0xe Src/stm32f4xx_it.o
                0x00000000080056c6                DebugMon_Handler
 .text.SystemInit
                0x00000000080056d4       0x6c Src/system_stm32f4xx.o
                0x00000000080056d4                SystemInit
 .text.Reset_Handler
                0x0000000008005740       0x50 Startup/startup_stm32f407vgtx.o
                0x0000000008005740                Reset_Handler
 .text.Default_Handler
                0x0000000008005790        0x2 Startup/startup_stm32f407vgtx.o
                0x0000000008005790                RTC_Alarm_IRQHandler
                0x0000000008005790                HASH_RNG_IRQHandler
                0x0000000008005790                EXTI2_IRQHandler
                0x0000000008005790                TIM8_CC_IRQHandler
                0x0000000008005790                TIM1_CC_IRQHandler
                0x0000000008005790                DMA2_Stream5_IRQHandler
                0x0000000008005790                DMA1_Stream5_IRQHandler
                0x0000000008005790                PVD_IRQHandler
                0x0000000008005790                SDIO_IRQHandler
                0x0000000008005790                TAMP_STAMP_IRQHandler
                0x0000000008005790                CAN2_RX1_IRQHandler
                0x0000000008005790                EXTI3_IRQHandler
                0x0000000008005790                TIM8_TRG_COM_TIM14_IRQHandler
                0x0000000008005790                TIM1_UP_TIM10_IRQHandler
                0x0000000008005790                TIM8_UP_TIM13_IRQHandler
                0x0000000008005790                I2C3_ER_IRQHandler
                0x0000000008005790                EXTI0_IRQHandler
                0x0000000008005790                I2C2_EV_IRQHandler
                0x0000000008005790                DMA1_Stream2_IRQHandler
                0x0000000008005790                CAN1_RX0_IRQHandler
                0x0000000008005790                FPU_IRQHandler
                0x0000000008005790                OTG_HS_WKUP_IRQHandler
                0x0000000008005790                CAN2_SCE_IRQHandler
                0x0000000008005790                DMA2_Stream2_IRQHandler
                0x0000000008005790                SPI1_IRQHandler
                0x0000000008005790                TIM6_DAC_IRQHandler
                0x0000000008005790                TIM1_BRK_TIM9_IRQHandler
                0x0000000008005790                DCMI_IRQHandler
                0x0000000008005790                CAN2_RX0_IRQHandler
                0x0000000008005790                DMA2_Stream3_IRQHandler
                0x0000000008005790                USART6_IRQHandler
                0x0000000008005790                USART3_IRQHandler
                0x0000000008005790                CAN1_RX1_IRQHandler
                0x0000000008005790                UART5_IRQHandler
                0x0000000008005790                DMA2_Stream0_IRQHandler
                0x0000000008005790                TIM4_IRQHandler
                0x0000000008005790                I2C1_EV_IRQHandler
                0x0000000008005790                DMA1_Stream6_IRQHandler
                0x0000000008005790                DMA1_Stream1_IRQHandler
                0x0000000008005790                UART4_IRQHandler
                0x0000000008005790                TIM3_IRQHandler
                0x0000000008005790                RCC_IRQHandler
                0x0000000008005790                TIM8_BRK_TIM12_IRQHandler
                0x0000000008005790                Default_Handler
                0x0000000008005790                EXTI15_10_IRQHandler
                0x0000000008005790                ADC_IRQHandler
                0x0000000008005790                DMA1_Stream7_IRQHandler
                0x0000000008005790                TIM7_IRQHandler
                0x0000000008005790                CAN2_TX_IRQHandler
                0x0000000008005790                TIM5_IRQHandler
                0x0000000008005790                DMA2_Stream7_IRQHandler
                0x0000000008005790                I2C3_EV_IRQHandler
                0x0000000008005790                EXTI9_5_IRQHandler
                0x0000000008005790                RTC_WKUP_IRQHandler
                0x0000000008005790                ETH_WKUP_IRQHandler
                0x0000000008005790                SPI2_IRQHandler
                0x0000000008005790                OTG_HS_EP1_IN_IRQHandler
                0x0000000008005790                DMA1_Stream0_IRQHandler
                0x0000000008005790                CAN1_TX_IRQHandler
                0x0000000008005790                EXTI4_IRQHandler
                0x0000000008005790                FSMC_IRQHandler
                0x0000000008005790                ETH_IRQHandler
                0x0000000008005790                OTG_HS_EP1_OUT_IRQHandler
                0x0000000008005790                WWDG_IRQHandler
                0x0000000008005790                TIM2_IRQHandler
                0x0000000008005790                OTG_FS_WKUP_IRQHandler
                0x0000000008005790                TIM1_TRG_COM_TIM11_IRQHandler
                0x0000000008005790                OTG_HS_IRQHandler
                0x0000000008005790                EXTI1_IRQHandler
                0x0000000008005790                USART2_IRQHandler
                0x0000000008005790                I2C2_ER_IRQHandler
                0x0000000008005790                DMA2_Stream1_IRQHandler
                0x0000000008005790                CAN1_SCE_IRQHandler
                0x0000000008005790                FLASH_IRQHandler
                0x0000000008005790                DMA2_Stream4_IRQHandler
                0x0000000008005790                USART1_IRQHandler
                0x0000000008005790                OTG_FS_IRQHandler
                0x0000000008005790                SPI3_IRQHandler
                0x0000000008005790                DMA1_Stream4_IRQHandler
                0x0000000008005790                I2C1_ER_IRQHandler
                0x0000000008005790                DMA2_Stream6_IRQHandler
                0x0000000008005790                DMA1_Stream3_IRQHandler
 *fill*         0x0000000008005792        0x2 
 .text.__libc_init_array
                0x0000000008005794       0x48 c:/st/stm32cubeide_1.0.2/stm32cubeide/plugins/com.st.stm32cube.ide.mcu.externaltools.gnu-tools-for-stm32.7-2018-q2-update.win32_1.0.0.201904181610/tools/bin/../lib/gcc/arm-none-eabi/7.3.1/../../../../arm-none-eabi/lib/thumb/v7e-m/fpv4-sp/hard\libc_nano.a(lib_a-init.o)
                0x0000000008005794                __libc_init_array
 .text.memcmp   0x00000000080057dc       0x1e c:/st/stm32cubeide_1.0.2/stm32cubeide/plugins/com.st.stm32cube.ide.mcu.externaltools.gnu-tools-for-stm32.7-2018-q2-update.win32_1.0.0.201904181610/tools/bin/../lib/gcc/arm-none-eabi/7.3.1/../../../../arm-none-eabi/lib/thumb/v7e-m/fpv4-sp/hard\libc_nano.a(lib_a-memcmp.o)
                0x00000000080057dc                memcmp
 .text.memcpy   0x00000000080057fa       0x16 c:/st/stm32cubeide_1.0.2/stm32cubeide/plugins/com.st.stm32cube.ide.mcu.externaltools.gnu-tools-for-stm32.7-2018-q2-update.win32_1.0.0.201904181610/tools/bin/../lib/gcc/arm-none-eabi/7.3.1/../../../../arm-none-eabi/lib/thumb/v7e-m/fpv4-sp/hard\libc_nano.a(lib_a-memcpy-stub.o)
                0x00000000080057fa                memcpy
 .text.memset   0x0000000008005810       0x10 c:/st/stm32cubeide_1.0.2/stm32cubeide/plugins/com.st.stm32cube.ide.mcu.externaltools.gnu-tools-for-stm32.7-2018-q2-update.win32_1.0.0.201904181610/tools/bin/../lib/gcc/arm-none-eabi/7.3.1/../../../../arm-none-eabi/lib/thumb/v7e-m/fpv4-sp/hard\libc_nano.a(lib_a-memset.o)
                0x0000000008005810                memset
 *(.glue_7)
 .glue_7        0x0000000008005820        0x0 linker stubs
 *(.glue_7t)
 .glue_7t       0x0000000008005820        0x0 linker stubs
 *(.eh_frame)
 .eh_frame      0x0000000008005820        0x0 c:/st/stm32cubeide_1.0.2/stm32cubeide/plugins/com.st.stm32cube.ide.mcu.externaltools.gnu-tools-for-stm32.7-2018-q2-update.win32_1.0.0.201904181610/tools/bin/../lib/gcc/arm-none-eabi/7.3.1/thumb/v7e-m/fpv4-sp/hard/crtbegin.o
 *(.init)
 .init          0x0000000008005820        0x4 c:/st/stm32cubeide_1.0.2/stm32cubeide/plugins/com.st.stm32cube.ide.mcu.externaltools.gnu-tools-for-stm32.7-2018-q2-update.win32_1.0.0.201904181610/tools/bin/../lib/gcc/arm-none-eabi/7.3.1/thumb/v7e-m/fpv4-sp/hard/crti.o
                0x0000000008005820                _init
 .init          0x0000000008005824        0x8 c:/st/stm32cubeide_1.0.2/stm32cubeide/plugins/com.st.stm32cube.ide.mcu.externaltools.gnu-tools-for-stm32.7-2018-q2-update.win32_1.0.0.201904181610/tools/bin/../lib/gcc/arm-none-eabi/7.3.1/thumb/v7e-m/fpv4-sp/hard/crtn.o
 *(.fini)
 .fini          0x000000000800582c        0x4 c:/st/stm32cubeide_1.0.2/stm32cubeide/plugins/com.st.stm32cube.ide.mcu.externaltools.gnu-tools-for-stm32.7-2018-q2-update.win32_1.0.0.201904181610/tools/bin/../lib/gcc/arm-none-eabi/7.3.1/thumb/v7e-m/fpv4-sp/hard/crti.o
                0x000000000800582c                _fini
 .fini          0x0000000008005830        0x8 c:/st/stm32cubeide_1.0.2/stm32cubeide/plugins/com.st.stm32cube.ide.mcu.externaltools.gnu-tools-for-stm32.7-2018-q2-update.win32_1.0.0.201904181610/tools/bin/../lib/gcc/arm-none-eabi/7.3.1/thumb/v7e-m/fpv4-sp/hard/crtn.o
                0x0000000008005838                . = ALIGN (0x4)
                0x0000000008005838                _etext = .

.vfp11_veneer   0x0000000008005838        0x0
 .vfp11_veneer  0x0000000008005838        0x0 linker stubs

.v4_bx          0x0000000008005838        0x0
 .v4_bx         0x0000000008005838        0x0 linker stubs

.iplt           0x0000000008005838        0x0
 .iplt          0x0000000008005838        0x0 c:/st/stm32cubeide_1.0.2/stm32cubeide/plugins/com.st.stm32cube.ide.mcu.externaltools.gnu-tools-for-stm32.7-2018-q2-update.win32_1.0.0.201904181610/tools/bin/../lib/gcc/arm-none-eabi/7.3.1/thumb/v7e-m/fpv4-sp/hard/crtbegin.o

.rodata         0x0000000008005838      0x1f8
                0x0000000008005838                . = ALIGN (0x4)
 *(.rodata)
 .rodata        0x0000000008005838        0x5 Src/FreeRTOS_Source/tasks.o
 *fill*         0x000000000800583d        0x3 
 .rodata        0x0000000008005840       0x17 Src/SEGGER/SEGGER_RTT.o
 *fill*         0x0000000008005857        0x1 
 .rodata        0x0000000008005858        0x8 Src/SEGGER/SEGGER_SYSVIEW.o
 .rodata        0x0000000008005860       0x41 Src/SEGGER/SEGGER_SYSVIEW_Config_FreeRTOS.o
 *fill*         0x00000000080058a1        0x3 
 .rodata        0x00000000080058a4       0x58 Src/SEGGER/SEGGER_SYSVIEW_FreeRTOS.o
 .rodata        0x00000000080058fc       0x1e Src/main.o
 *(.rodata*)
 *fill*         0x000000000800591a        0x2 
 .rodata.index64
                0x000000000800591c      0x100 Src/FreeRTOS_Source/tasks.o
                0x000000000800591c                index64
 .rodata._abSync
                0x0000000008005a1c        0xa Src/SEGGER/SEGGER_SYSVIEW.o
 *fill*         0x0000000008005a26        0x2 
 .rodata.SYSVIEW_X_OS_TraceAPI
                0x0000000008005a28        0x8 Src/SEGGER/SEGGER_SYSVIEW_FreeRTOS.o
                0x0000000008005a28                SYSVIEW_X_OS_TraceAPI
                0x0000000008005a30                . = ALIGN (0x4)

.rel.dyn        0x0000000008005a30        0x0
 .rel.iplt      0x0000000008005a30        0x0 c:/st/stm32cubeide_1.0.2/stm32cubeide/plugins/com.st.stm32cube.ide.mcu.externaltools.gnu-tools-for-stm32.7-2018-q2-update.win32_1.0.0.201904181610/tools/bin/../lib/gcc/arm-none-eabi/7.3.1/thumb/v7e-m/fpv4-sp/hard/crtbegin.o

.ARM.extab      0x0000000008005a30        0x0
                0x0000000008005a30                . = ALIGN (0x4)
 *(.ARM.extab* .gnu.linkonce.armextab.*)
                0x0000000008005a30                . = ALIGN (0x4)

.ARM            0x0000000008005a30        0x0
                0x0000000008005a30                . = ALIGN (0x4)
                0x0000000008005a30                __exidx_start = .
 *(.ARM.exidx*)
                0x0000000008005a30                __exidx_end = .
                0x0000000008005a30                . = ALIGN (0x4)

.preinit_array  0x0000000008005a30        0x0
                0x0000000008005a30                . = ALIGN (0x4)
                0x0000000008005a30                PROVIDE (__preinit_array_start = .)
 *(.preinit_array*)
                0x0000000008005a30                PROVIDE (__preinit_array_end = .)
                0x0000000008005a30                . = ALIGN (0x4)

.init_array     0x0000000008005a30        0x4
                0x0000000008005a30                . = ALIGN (0x4)
                0x0000000008005a30                PROVIDE (__init_array_start = .)
 *(SORT_BY_NAME(.init_array.*))
 *(.init_array*)
 .init_array    0x0000000008005a30        0x4 c:/st/stm32cubeide_1.0.2/stm32cubeide/plugins/com.st.stm32cube.ide.mcu.externaltools.gnu-tools-for-stm32.7-2018-q2-update.win32_1.0.0.201904181610/tools/bin/../lib/gcc/arm-none-eabi/7.3.1/thumb/v7e-m/fpv4-sp/hard/crtbegin.o
                0x0000000008005a34                PROVIDE (__init_array_end = .)
                0x0000000008005a34                . = ALIGN (0x4)

.fini_array     0x0000000008005a34        0x4
                0x0000000008005a34                . = ALIGN (0x4)
                [!provide]                        PROVIDE (__fini_array_start = .)
 *(SORT_BY_NAME(.fini_array.*))
 *(.fini_array*)
 .fini_array    0x0000000008005a34        0x4 c:/st/stm32cubeide_1.0.2/stm32cubeide/plugins/com.st.stm32cube.ide.mcu.externaltools.gnu-tools-for-stm32.7-2018-q2-update.win32_1.0.0.201904181610/tools/bin/../lib/gcc/arm-none-eabi/7.3.1/thumb/v7e-m/fpv4-sp/hard/crtbegin.o
                [!provide]                        PROVIDE (__fini_array_end = .)
                0x0000000008005a38                . = ALIGN (0x4)
                0x0000000008005a38                _sidata = LOADADDR (.data)

.data           0x0000000020000000        0xc load address 0x0000000008005a38
                0x0000000020000000                . = ALIGN (0x4)
                0x0000000020000000                _sdata = .
 *(.data)
 *(.data*)
 .data.uxCriticalNesting
                0x0000000020000000        0x4 Src/FreeRTOS_Source/portable/GCC/ARM_CM4F/port.o
 .data.t        0x0000000020000004        0x2 Src/main.o
                0x0000000020000004                t
 .data.DeadlineEsTask
                0x0000000020000006        0x2 Src/main.o
                0x0000000020000006                DeadlineEsTask
 .data.SystemCoreClock
                0x0000000020000008        0x4 Src/system_stm32f4xx.o
                0x0000000020000008                SystemCoreClock
                0x000000002000000c                . = ALIGN (0x4)
                0x000000002000000c                _edata = .

.igot.plt       0x000000002000000c        0x0 load address 0x0000000008005a44
 .igot.plt      0x000000002000000c        0x0 c:/st/stm32cubeide_1.0.2/stm32cubeide/plugins/com.st.stm32cube.ide.mcu.externaltools.gnu-tools-for-stm32.7-2018-q2-update.win32_1.0.0.201904181610/tools/bin/../lib/gcc/arm-none-eabi/7.3.1/thumb/v7e-m/fpv4-sp/hard/crtbegin.o
                0x000000002000000c                . = ALIGN (0x4)

.bss            0x0000000020000010     0xcdb0 load address 0x0000000008005a44
                0x0000000020000010                _sbss = .
                0x0000000020000010                __bss_start__ = _sbss
 *(.bss)
 .bss           0x0000000020000010       0x1c c:/st/stm32cubeide_1.0.2/stm32cubeide/plugins/com.st.stm32cube.ide.mcu.externaltools.gnu-tools-for-stm32.7-2018-q2-update.win32_1.0.0.201904181610/tools/bin/../lib/gcc/arm-none-eabi/7.3.1/thumb/v7e-m/fpv4-sp/hard/crtbegin.o
 *(.bss*)
 .bss.GPIO_List
                0x000000002000002c      0x180 DRV_GPIO/GPIO.o
 *fill*         0x00000000200001ac        0x4 
 .bss.bitmap    0x00000000200001b0        0x8 Src/FreeRTOS_Source/tasks.o
                0x00000000200001b0                bitmap
 .bss.time_exec_CS
                0x00000000200001b8        0x4 Src/FreeRTOS_Source/tasks.o
                0x00000000200001b8                time_exec_CS
 .bss.Acumtime_exec_CS
                0x00000000200001bc        0x4 Src/FreeRTOS_Source/tasks.o
                0x00000000200001bc                Acumtime_exec_CS
 .bss.t_exec_Tick
                0x00000000200001c0        0x4 Src/FreeRTOS_Source/tasks.o
                0x00000000200001c0                t_exec_Tick
 .bss.indexTime_exec_Tick
                0x00000000200001c4        0x2 Src/FreeRTOS_Source/tasks.o
                0x00000000200001c4                indexTime_exec_Tick
 .bss.QntCs     0x00000000200001c6        0x2 Src/FreeRTOS_Source/tasks.o
                0x00000000200001c6                QntCs
 .bss.SwitchContexOp
                0x00000000200001c8        0x1 Src/FreeRTOS_Source/tasks.o
                0x00000000200001c8                SwitchContexOp
 .bss.taskQnt   0x00000000200001c9        0x1 Src/FreeRTOS_Source/tasks.o
                0x00000000200001c9                taskQnt
 .bss.EsTask_Idle
                0x00000000200001ca        0x1 Src/FreeRTOS_Source/tasks.o
                0x00000000200001ca                EsTask_Idle
 .bss.ReconfigTimer
                0x00000000200001cb        0x1 Src/FreeRTOS_Source/tasks.o
                0x00000000200001cb                ReconfigTimer
 .bss.pxCurrentTCB
                0x00000000200001cc        0x4 Src/FreeRTOS_Source/tasks.o
                0x00000000200001cc                pxCurrentTCB
 .bss.pxReadyTasksLists
                0x00000000200001d0      0x258 Src/FreeRTOS_Source/tasks.o
 .bss.xDelayedTaskList1
                0x0000000020000428       0x14 Src/FreeRTOS_Source/tasks.o
 .bss.xDelayedTaskList2
                0x000000002000043c       0x14 Src/FreeRTOS_Source/tasks.o
 .bss.pxDelayedTaskList
                0x0000000020000450        0x4 Src/FreeRTOS_Source/tasks.o
 .bss.pxOverflowDelayedTaskList
                0x0000000020000454        0x4 Src/FreeRTOS_Source/tasks.o
 .bss.xPendingReadyList
                0x0000000020000458       0x14 Src/FreeRTOS_Source/tasks.o
 .bss.xTasksWaitingTermination
                0x000000002000046c       0x14 Src/FreeRTOS_Source/tasks.o
 .bss.uxDeletedTasksWaitingCleanUp
                0x0000000020000480        0x4 Src/FreeRTOS_Source/tasks.o
 .bss.xSuspendedTaskList
                0x0000000020000484       0x14 Src/FreeRTOS_Source/tasks.o
 .bss.uxCurrentNumberOfTasks
                0x0000000020000498        0x4 Src/FreeRTOS_Source/tasks.o
 .bss.xTickCount
                0x000000002000049c        0x4 Src/FreeRTOS_Source/tasks.o
 .bss.uxTopReadyPriority
                0x00000000200004a0        0x4 Src/FreeRTOS_Source/tasks.o
 .bss.xSchedulerRunning
                0x00000000200004a4        0x4 Src/FreeRTOS_Source/tasks.o
 .bss.uxPendedTicks
                0x00000000200004a8        0x4 Src/FreeRTOS_Source/tasks.o
 .bss.xYieldPending
                0x00000000200004ac        0x4 Src/FreeRTOS_Source/tasks.o
 .bss.uxTaskNumber
                0x00000000200004b0        0x4 Src/FreeRTOS_Source/tasks.o
 .bss.xNextTaskUnblockTime
                0x00000000200004b4        0x4 Src/FreeRTOS_Source/tasks.o
 .bss.xIdleTaskHandle
                0x00000000200004b8        0x4 Src/FreeRTOS_Source/tasks.o
 .bss.uxSchedulerSuspended
                0x00000000200004bc        0x4 Src/FreeRTOS_Source/tasks.o
 .bss.ReleaseJobCounter
                0x00000000200004c0        0x4 Src/FreeRTOS_Source/tasks.o
                0x00000000200004c0                ReleaseJobCounter
 .bss.rel_prmpCounter
                0x00000000200004c4        0x4 Src/FreeRTOS_Source/tasks.o
                0x00000000200004c4                rel_prmpCounter
 .bss.PopMinCounter
                0x00000000200004c8        0x4 Src/FreeRTOS_Source/tasks.o
                0x00000000200004c8                PopMinCounter
 .bss.rel_no_prmpCounter
                0x00000000200004cc        0x4 Src/FreeRTOS_Source/tasks.o
                0x00000000200004cc                rel_no_prmpCounter
 .bss.SlackTime.9724
                0x00000000200004d0        0x2 Src/FreeRTOS_Source/tasks.o
 .bss.ucMaxSysCallPriority
                0x00000000200004d2        0x1 Src/FreeRTOS_Source/portable/GCC/ARM_CM4F/port.o
 *fill*         0x00000000200004d3        0x1 
 .bss.ulMaxPRIGROUPValue
                0x00000000200004d4        0x4 Src/FreeRTOS_Source/portable/GCC/ARM_CM4F/port.o
 .bss.ucHeap    0x00000000200004d8     0xa000 Src/FreeRTOS_Source/portable/MemMang/heap_4.o
 .bss.xStart    0x000000002000a4d8        0x8 Src/FreeRTOS_Source/portable/MemMang/heap_4.o
 .bss.pxEnd     0x000000002000a4e0        0x4 Src/FreeRTOS_Source/portable/MemMang/heap_4.o
 .bss.xFreeBytesRemaining
                0x000000002000a4e4        0x4 Src/FreeRTOS_Source/portable/MemMang/heap_4.o
 .bss.xMinimumEverFreeBytesRemaining
                0x000000002000a4e8        0x4 Src/FreeRTOS_Source/portable/MemMang/heap_4.o
 .bss.xBlockAllocatedBit
                0x000000002000a4ec        0x4 Src/FreeRTOS_Source/portable/MemMang/heap_4.o
 .bss._acUpBuffer
                0x000000002000a4f0      0x400 Src/SEGGER/SEGGER_RTT.o
 .bss._acDownBuffer
                0x000000002000a8f0       0x10 Src/SEGGER/SEGGER_RTT.o
 .bss._UpBuffer
                0x000000002000a900      0x400 Src/SEGGER/SEGGER_SYSVIEW.o
 .bss._DownBuffer
                0x000000002000ad00        0x8 Src/SEGGER/SEGGER_SYSVIEW.o
 .bss._SYSVIEW_Globals
                0x000000002000ad08       0x28 Src/SEGGER/SEGGER_SYSVIEW.o
 .bss._pFirstModule
                0x000000002000ad30        0x4 Src/SEGGER/SEGGER_SYSVIEW.o
 .bss._NumModules
                0x000000002000ad34        0x1 Src/SEGGER/SEGGER_SYSVIEW.o
 *fill*         0x000000002000ad35        0x3 
 .bss._aPacket  0x000000002000ad38       0xe3 Src/SEGGER/SEGGER_SYSVIEW.o
 *fill*         0x000000002000ae1b        0x1 
 .bss._aTasks   0x000000002000ae1c       0xa0 Src/SEGGER/SEGGER_SYSVIEW_FreeRTOS.o
 .bss._NumTasks
                0x000000002000aebc        0x4 Src/SEGGER/SEGGER_SYSVIEW_FreeRTOS.o
 .bss.l_d.11248
                0x000000002000aec0        0x2 Src/main.o
 .bss.l_d.11256
                0x000000002000aec2        0x2 Src/main.o
 .bss.l_d.11263
                0x000000002000aec4        0x2 Src/main.o
 *(COMMON)
 *fill*         0x000000002000aec6        0x2 
 COMMON         0x000000002000aec8     0x1d4c Src/FreeRTOS_Source/tasks.o
                0x000000002000aec8                bp
                0x000000002000aed0                t_ReleaseJob
                0x000000002000aed4                t_64
                0x000000002000aed8                t_32
                0x000000002000aedc                Acum_ReleaseJob
                0x000000002000aee0                Ms_delay
                0x000000002000b520                Avarege_exec_Tick
                0x000000002000b524                time_exec_Tick
                0x000000002000c524                MsArrayTCB
                0x000000002000c6b4                index32
                0x000000002000c734                Ms_currentTaskIndex
                0x000000002000c738                ListReady
                0x000000002000cbe8                EsTaskCreated
                0x000000002000cbf0                tick_64
                0x000000002000cbf8                MsTcbEsTask
                0x000000002000cbfc                ListNotReady
                0x000000002000cc08                tot
                0x000000002000cc0c                tick_32
                0x000000002000cc10                TcbToPxCurrent
 COMMON         0x000000002000cc14       0xa8 Src/SEGGER/SEGGER_RTT.o
                0x000000002000cc14                _SEGGER_RTT
 COMMON         0x000000002000ccbc      0x104 Src/main.o
                0x000000002000ccbc                CostTask28
                0x000000002000ccbe                PeriodTask61
                0x000000002000ccc0                CostTask34
                0x000000002000ccc2                PeriodTask42
                0x000000002000ccc4                PeriodTask47
                0x000000002000ccc6                CostTask42
                0x000000002000ccc8                CostTask15
                0x000000002000ccca                PeriodTask16
                0x000000002000cccc                PeriodTask32
                0x000000002000ccce                CostTask5
                0x000000002000ccd0                PeriodTask36
                0x000000002000ccd2                PeriodTask35
                0x000000002000ccd4                CostTask35
                0x000000002000ccd6                PeriodTask23
                0x000000002000ccd8                CostTask32
                0x000000002000ccda                PeriodTask24
                0x000000002000ccdc                CostTask51
                0x000000002000ccde                PeriodTask39
                0x000000002000cce0                CostTask54
                0x000000002000cce2                PeriodTask8
                0x000000002000cce4                PeriodTask46
                0x000000002000cce6                CostTask2
                0x000000002000cce8                CostTask11
                0x000000002000ccea                CostTask8
                0x000000002000ccec                PeriodTask1
                0x000000002000ccee                CostTask62
                0x000000002000ccf0                CostTask19
                0x000000002000ccf2                PeriodTask5
                0x000000002000ccf4                PeriodTask28
                0x000000002000ccf6                PeriodTask31
                0x000000002000ccf8                CostTask20
                0x000000002000ccfa                PeriodTask20
                0x000000002000ccfc                CostTask23
                0x000000002000ccfe                CostTask37
                0x000000002000cd00                CostTask57
                0x000000002000cd02                PeriodTask51
                0x000000002000cd04                PeriodTask54
                0x000000002000cd06                PeriodTask53
                0x000000002000cd08                CostTask41
                0x000000002000cd0a                CostTask14
                0x000000002000cd0c                PeriodTask18
                0x000000002000cd0e                PeriodTask49
                0x000000002000cd10                PeriodTask57
                0x000000002000cd12                CostTask10
                0x000000002000cd14                CostTask6
                0x000000002000cd16                CostTask27
                0x000000002000cd18                CostTask24
                0x000000002000cd1a                PeriodTask10
                0x000000002000cd1c                PeriodTask3
                0x000000002000cd20                ex_t
                0x000000002000cd24                CostTask3
                0x000000002000cd26                CostTask1
                0x000000002000cd28                CostTask29
                0x000000002000cd2a                CostTask33
                0x000000002000cd2c                CostTask17
                0x000000002000cd2e                PeriodTask15
                0x000000002000cd30                PeriodTask14
                0x000000002000cd32                PeriodTask34
                0x000000002000cd34                CostTask45
                0x000000002000cd36                PeriodTask33
                0x000000002000cd38                PeriodTask38
                0x000000002000cd3a                CostTask31
                0x000000002000cd3c                PeriodTask22
                0x000000002000cd3e                CostTask36
                0x000000002000cd40                CostTask9
                0x000000002000cd42                PeriodTask27
                0x000000002000cd44                CostTask58
                0x000000002000cd46                CostTask49
                0x000000002000cd48                CostTask46
                0x000000002000cd4a                PeriodTask45
                0x000000002000cd4c                PeriodTask44
                0x000000002000cd4e                CostTask55
                0x000000002000cd50                CostTask61
                0x000000002000cd52                PeriodTask9
                0x000000002000cd54                PeriodTask59
                0x000000002000cd56                CostTask63
                0x000000002000cd58                PeriodTask12
                0x000000002000cd5a                CostTask22
                0x000000002000cd5c                CostTask39
                0x000000002000cd5e                CostTask56
                0x000000002000cd60                PeriodTask2
                0x000000002000cd62                PeriodTask52
                0x000000002000cd64                PeriodTask17
                0x000000002000cd66                CostTask53
                0x000000002000cd68                CostTask26
                0x000000002000cd6a                PeriodTask56
                0x000000002000cd6c                PeriodTask41
                0x000000002000cd6e                PeriodTask63
                0x000000002000cd70                PeriodTask62
                0x000000002000cd72                CostTask25
                0x000000002000cd74                PeriodTask4
                0x000000002000cd76                CostTask30
                0x000000002000cd78                PeriodTask48
                0x000000002000cd7a                CostTask43
                0x000000002000cd7c                CostTask16
                0x000000002000cd7e                CostTask60
                0x000000002000cd80                CostTask7
                0x000000002000cd82                PeriodTask37
                0x000000002000cd84                PeriodTask13
                0x000000002000cd86                CostTask50
                0x000000002000cd88                CostTask44
                0x000000002000cd8a                CostTask18
                0x000000002000cd8c                PeriodTask40
                0x000000002000cd8e                PeriodTask26
                0x000000002000cd90                PeriodTask25
                0x000000002000cd92                CostTask48
                0x000000002000cd94                PeriodTask30
                0x000000002000cd96                CostTask12
                0x000000002000cd98                CostTask4
                0x000000002000cd9a                PeriodTask43
                0x000000002000cd9c                PeriodTask60
                0x000000002000cd9e                PeriodTask7
                0x000000002000cda0                CostTask59
                0x000000002000cda2                PeriodTask19
                0x000000002000cda4                PeriodTask29
                0x000000002000cda6                PeriodTask58
                0x000000002000cda8                CostTask47
                0x000000002000cdaa                IdleHookCounter
                0x000000002000cdac                CostTask21
                0x000000002000cdae                PeriodTask50
                0x000000002000cdb0                PeriodTask11
                0x000000002000cdb2                PeriodTask21
                0x000000002000cdb4                CostTask40
                0x000000002000cdb6                CostTask13
                0x000000002000cdb8                CostTask38
                0x000000002000cdba                PeriodTask55
                0x000000002000cdbc                PeriodTask6
                0x000000002000cdbe                CostTask52
                0x000000002000cdc0                . = ALIGN (0x4)
                0x000000002000cdc0                _ebss = .
                0x000000002000cdc0                __bss_end__ = _ebss

._user_heap_stack
                0x000000002000cdc0      0x600 load address 0x0000000008005a44
                0x000000002000cdc0                . = ALIGN (0x8)
                0x000000002000cdc0                PROVIDE (end = .)
                [!provide]                        PROVIDE (_end = .)
                0x000000002000cfc0                . = (. + _Min_Heap_Size)
 *fill*         0x000000002000cdc0      0x200 
                0x000000002000d3c0                . = (. + _Min_Stack_Size)
 *fill*         0x000000002000cfc0      0x400 
                0x000000002000d3c0                . = ALIGN (0x8)

/DISCARD/
 libc.a(*)
 libm.a(*)
 libgcc.a(*)

.ARM.attributes
                0x0000000000000000       0x30
 *(.ARM.attributes)
 .ARM.attributes
                0x0000000000000000       0x22 c:/st/stm32cubeide_1.0.2/stm32cubeide/plugins/com.st.stm32cube.ide.mcu.externaltools.gnu-tools-for-stm32.7-2018-q2-update.win32_1.0.0.201904181610/tools/bin/../lib/gcc/arm-none-eabi/7.3.1/thumb/v7e-m/fpv4-sp/hard/crti.o
 .ARM.attributes
                0x0000000000000022       0x34 c:/st/stm32cubeide_1.0.2/stm32cubeide/plugins/com.st.stm32cube.ide.mcu.externaltools.gnu-tools-for-stm32.7-2018-q2-update.win32_1.0.0.201904181610/tools/bin/../lib/gcc/arm-none-eabi/7.3.1/thumb/v7e-m/fpv4-sp/hard/crtbegin.o
 .ARM.attributes
                0x0000000000000056       0x39 DRV-SYS/sys_cfg_stm32f407.o
 .ARM.attributes
                0x000000000000008f       0x39 DRV_GPIO/GPIO.o
 .ARM.attributes
                0x00000000000000c8       0x39 Drivers/STM32F4xx_HAL_Driver/Src/stm32f4xx_hal_pwr.o
 .ARM.attributes
                0x0000000000000101       0x39 Src/FreeRTOS_Source/list.o
 .ARM.attributes
                0x000000000000013a       0x39 Src/FreeRTOS_Source/tasks.o
 .ARM.attributes
                0x0000000000000173       0x39 Src/FreeRTOS_Source/portable/GCC/ARM_CM4F/port.o
 .ARM.attributes
                0x00000000000001ac       0x39 Src/FreeRTOS_Source/portable/MemMang/heap_4.o
 .ARM.attributes
                0x00000000000001e5       0x39 Src/SEGGER/SEGGER_RTT.o
 .ARM.attributes
                0x000000000000021e       0x39 Src/SEGGER/SEGGER_SYSVIEW.o
 .ARM.attributes
                0x0000000000000257       0x39 Src/SEGGER/SEGGER_SYSVIEW_Config_FreeRTOS.o
 .ARM.attributes
                0x0000000000000290       0x39 Src/SEGGER/SEGGER_SYSVIEW_FreeRTOS.o
 .ARM.attributes
                0x00000000000002c9       0x39 Src/main.o
 .ARM.attributes
                0x0000000000000302       0x39 Src/stm32f4xx_it.o
 .ARM.attributes
                0x000000000000033b       0x39 Src/system_stm32f4xx.o
 .ARM.attributes
                0x0000000000000374       0x21 Startup/startup_stm32f407vgtx.o
 .ARM.attributes
                0x0000000000000395       0x34 c:/st/stm32cubeide_1.0.2/stm32cubeide/plugins/com.st.stm32cube.ide.mcu.externaltools.gnu-tools-for-stm32.7-2018-q2-update.win32_1.0.0.201904181610/tools/bin/../lib/gcc/arm-none-eabi/7.3.1/../../../../arm-none-eabi/lib/thumb/v7e-m/fpv4-sp/hard\libc_nano.a(lib_a-init.o)
 .ARM.attributes
                0x00000000000003c9       0x34 c:/st/stm32cubeide_1.0.2/stm32cubeide/plugins/com.st.stm32cube.ide.mcu.externaltools.gnu-tools-for-stm32.7-2018-q2-update.win32_1.0.0.201904181610/tools/bin/../lib/gcc/arm-none-eabi/7.3.1/../../../../arm-none-eabi/lib/thumb/v7e-m/fpv4-sp/hard\libc_nano.a(lib_a-memcmp.o)
 .ARM.attributes
                0x00000000000003fd       0x34 c:/st/stm32cubeide_1.0.2/stm32cubeide/plugins/com.st.stm32cube.ide.mcu.externaltools.gnu-tools-for-stm32.7-2018-q2-update.win32_1.0.0.201904181610/tools/bin/../lib/gcc/arm-none-eabi/7.3.1/../../../../arm-none-eabi/lib/thumb/v7e-m/fpv4-sp/hard\libc_nano.a(lib_a-memcpy-stub.o)
 .ARM.attributes
                0x0000000000000431       0x34 c:/st/stm32cubeide_1.0.2/stm32cubeide/plugins/com.st.stm32cube.ide.mcu.externaltools.gnu-tools-for-stm32.7-2018-q2-update.win32_1.0.0.201904181610/tools/bin/../lib/gcc/arm-none-eabi/7.3.1/../../../../arm-none-eabi/lib/thumb/v7e-m/fpv4-sp/hard\libc_nano.a(lib_a-memset.o)
 .ARM.attributes
                0x0000000000000465       0x22 c:/st/stm32cubeide_1.0.2/stm32cubeide/plugins/com.st.stm32cube.ide.mcu.externaltools.gnu-tools-for-stm32.7-2018-q2-update.win32_1.0.0.201904181610/tools/bin/../lib/gcc/arm-none-eabi/7.3.1/thumb/v7e-m/fpv4-sp/hard\libgcc.a(_arm_addsubdf3.o)
 .ARM.attributes
                0x0000000000000487       0x22 c:/st/stm32cubeide_1.0.2/stm32cubeide/plugins/com.st.stm32cube.ide.mcu.externaltools.gnu-tools-for-stm32.7-2018-q2-update.win32_1.0.0.201904181610/tools/bin/../lib/gcc/arm-none-eabi/7.3.1/thumb/v7e-m/fpv4-sp/hard\libgcc.a(_arm_muldivdf3.o)
 .ARM.attributes
                0x00000000000004a9       0x22 c:/st/stm32cubeide_1.0.2/stm32cubeide/plugins/com.st.stm32cube.ide.mcu.externaltools.gnu-tools-for-stm32.7-2018-q2-update.win32_1.0.0.201904181610/tools/bin/../lib/gcc/arm-none-eabi/7.3.1/thumb/v7e-m/fpv4-sp/hard\libgcc.a(_arm_truncdfsf2.o)
 .ARM.attributes
                0x00000000000004cb       0x22 c:/st/stm32cubeide_1.0.2/stm32cubeide/plugins/com.st.stm32cube.ide.mcu.externaltools.gnu-tools-for-stm32.7-2018-q2-update.win32_1.0.0.201904181610/tools/bin/../lib/gcc/arm-none-eabi/7.3.1/thumb/v7e-m/fpv4-sp/hard/crtn.o
OUTPUT(FreeRTOS.elf elf32-littlearm)

.debug_info     0x0000000000000000    0x10779
 .debug_info    0x0000000000000000      0x9dc DRV-SYS/sys_cfg_stm32f407.o
 .debug_info    0x00000000000009dc     0x1155 DRV_GPIO/GPIO.o
 .debug_info    0x0000000000001b31      0x7c5 Drivers/STM32F4xx_HAL_Driver/Src/stm32f4xx_hal_pwr.o
 .debug_info    0x00000000000022f6      0xb4d Src/FreeRTOS_Source/list.o
 .debug_info    0x0000000000002e43     0x33c2 Src/FreeRTOS_Source/tasks.o
 .debug_info    0x0000000000006205      0x624 Src/FreeRTOS_Source/portable/GCC/ARM_CM4F/port.o
 .debug_info    0x0000000000006829      0xcb9 Src/FreeRTOS_Source/portable/MemMang/heap_4.o
 .debug_info    0x00000000000074e2     0x16a9 Src/SEGGER/SEGGER_RTT.o
 .debug_info    0x0000000000008b8b     0x3ada Src/SEGGER/SEGGER_SYSVIEW.o
 .debug_info    0x000000000000c665      0x191 Src/SEGGER/SEGGER_SYSVIEW_Config_FreeRTOS.o
 .debug_info    0x000000000000c7f6      0xc61 Src/SEGGER/SEGGER_SYSVIEW_FreeRTOS.o
 .debug_info    0x000000000000d457     0x2c7e Src/main.o
 .debug_info    0x00000000000100d5      0x180 Src/stm32f4xx_it.o
 .debug_info    0x0000000000010255      0x502 Src/system_stm32f4xx.o
 .debug_info    0x0000000000010757       0x22 Startup/startup_stm32f407vgtx.o

.debug_abbrev   0x0000000000000000     0x1de0
 .debug_abbrev  0x0000000000000000      0x1d5 DRV-SYS/sys_cfg_stm32f407.o
 .debug_abbrev  0x00000000000001d5      0x23f DRV_GPIO/GPIO.o
 .debug_abbrev  0x0000000000000414      0x1b4 Drivers/STM32F4xx_HAL_Driver/Src/stm32f4xx_hal_pwr.o
 .debug_abbrev  0x00000000000005c8      0x1cf Src/FreeRTOS_Source/list.o
 .debug_abbrev  0x0000000000000797      0x425 Src/FreeRTOS_Source/tasks.o
 .debug_abbrev  0x0000000000000bbc      0x254 Src/FreeRTOS_Source/portable/GCC/ARM_CM4F/port.o
 .debug_abbrev  0x0000000000000e10      0x2aa Src/FreeRTOS_Source/portable/MemMang/heap_4.o
 .debug_abbrev  0x00000000000010ba      0x2a0 Src/SEGGER/SEGGER_RTT.o
 .debug_abbrev  0x000000000000135a      0x300 Src/SEGGER/SEGGER_SYSVIEW.o
 .debug_abbrev  0x000000000000165a       0xdf Src/SEGGER/SEGGER_SYSVIEW_Config_FreeRTOS.o
 .debug_abbrev  0x0000000000001739      0x1f9 Src/SEGGER/SEGGER_SYSVIEW_FreeRTOS.o
 .debug_abbrev  0x0000000000001932      0x2f7 Src/main.o
 .debug_abbrev  0x0000000000001c29       0x94 Src/stm32f4xx_it.o
 .debug_abbrev  0x0000000000001cbd      0x111 Src/system_stm32f4xx.o
 .debug_abbrev  0x0000000000001dce       0x12 Startup/startup_stm32f407vgtx.o

.debug_aranges  0x0000000000000000      0xb80
 .debug_aranges
                0x0000000000000000       0x60 DRV-SYS/sys_cfg_stm32f407.o
 .debug_aranges
                0x0000000000000060       0x50 DRV_GPIO/GPIO.o
 .debug_aranges
                0x00000000000000b0       0xa0 Drivers/STM32F4xx_HAL_Driver/Src/stm32f4xx_hal_pwr.o
 .debug_aranges
                0x0000000000000150       0x40 Src/FreeRTOS_Source/list.o
 .debug_aranges
                0x0000000000000190      0x268 Src/FreeRTOS_Source/tasks.o
 .debug_aranges
                0x00000000000003f8       0x80 Src/FreeRTOS_Source/portable/GCC/ARM_CM4F/port.o
 .debug_aranges
                0x0000000000000478       0x50 Src/FreeRTOS_Source/portable/MemMang/heap_4.o
 .debug_aranges
                0x00000000000004c8      0x110 Src/SEGGER/SEGGER_RTT.o
 .debug_aranges
                0x00000000000005d8      0x268 Src/SEGGER/SEGGER_SYSVIEW.o
 .debug_aranges
                0x0000000000000840       0x28 Src/SEGGER/SEGGER_SYSVIEW_Config_FreeRTOS.o
 .debug_aranges
                0x0000000000000868       0x48 Src/SEGGER/SEGGER_SYSVIEW_FreeRTOS.o
 .debug_aranges
                0x00000000000008b0      0x238 Src/main.o
 .debug_aranges
                0x0000000000000ae8       0x48 Src/stm32f4xx_it.o
 .debug_aranges
                0x0000000000000b30       0x28 Src/system_stm32f4xx.o
 .debug_aranges
                0x0000000000000b58       0x28 Startup/startup_stm32f407vgtx.o

.debug_ranges   0x0000000000000000      0xa98
 .debug_ranges  0x0000000000000000       0x50 DRV-SYS/sys_cfg_stm32f407.o
 .debug_ranges  0x0000000000000050       0x40 DRV_GPIO/GPIO.o
 .debug_ranges  0x0000000000000090       0x90 Drivers/STM32F4xx_HAL_Driver/Src/stm32f4xx_hal_pwr.o
 .debug_ranges  0x0000000000000120       0x30 Src/FreeRTOS_Source/list.o
 .debug_ranges  0x0000000000000150      0x258 Src/FreeRTOS_Source/tasks.o
 .debug_ranges  0x00000000000003a8       0x70 Src/FreeRTOS_Source/portable/GCC/ARM_CM4F/port.o
 .debug_ranges  0x0000000000000418       0x40 Src/FreeRTOS_Source/portable/MemMang/heap_4.o
 .debug_ranges  0x0000000000000458      0x100 Src/SEGGER/SEGGER_RTT.o
 .debug_ranges  0x0000000000000558      0x258 Src/SEGGER/SEGGER_SYSVIEW.o
 .debug_ranges  0x00000000000007b0       0x18 Src/SEGGER/SEGGER_SYSVIEW_Config_FreeRTOS.o
 .debug_ranges  0x00000000000007c8       0x38 Src/SEGGER/SEGGER_SYSVIEW_FreeRTOS.o
 .debug_ranges  0x0000000000000800      0x228 Src/main.o
 .debug_ranges  0x0000000000000a28       0x38 Src/stm32f4xx_it.o
 .debug_ranges  0x0000000000000a60       0x18 Src/system_stm32f4xx.o
 .debug_ranges  0x0000000000000a78       0x20 Startup/startup_stm32f407vgtx.o

.debug_macro    0x0000000000000000    0x1fd14
 .debug_macro   0x0000000000000000      0x1c8 DRV-SYS/sys_cfg_stm32f407.o
 .debug_macro   0x00000000000001c8       0x32 DRV-SYS/sys_cfg_stm32f407.o
 .debug_macro   0x00000000000001fa       0x2f DRV-SYS/sys_cfg_stm32f407.o
 .debug_macro   0x0000000000000229       0x35 DRV-SYS/sys_cfg_stm32f407.o
 .debug_macro   0x000000000000025e       0x50 DRV-SYS/sys_cfg_stm32f407.o
 .debug_macro   0x00000000000002ae      0xe66 DRV-SYS/sys_cfg_stm32f407.o
 .debug_macro   0x0000000000001114    0x15e43 DRV-SYS/sys_cfg_stm32f407.o
 .debug_macro   0x0000000000016f57       0x43 DRV-SYS/sys_cfg_stm32f407.o
 .debug_macro   0x0000000000016f9a      0x17e DRV-SYS/sys_cfg_stm32f407.o
 .debug_macro   0x0000000000017118     0x35d4 DRV-SYS/sys_cfg_stm32f407.o
 .debug_macro   0x000000000001a6ec       0x5a DRV-SYS/sys_cfg_stm32f407.o
 .debug_macro   0x000000000001a746      0x96b DRV-SYS/sys_cfg_stm32f407.o
 .debug_macro   0x000000000001b0b1      0x9fe DRV-SYS/sys_cfg_stm32f407.o
 .debug_macro   0x000000000001baaf       0xed DRV-SYS/sys_cfg_stm32f407.o
 .debug_macro   0x000000000001bb9c      0x117 DRV-SYS/sys_cfg_stm32f407.o
 .debug_macro   0x000000000001bcb3      0x13e DRV-SYS/sys_cfg_stm32f407.o
 .debug_macro   0x000000000001bdf1       0x27 DRV-SYS/sys_cfg_stm32f407.o
 .debug_macro   0x000000000001be18      0x287 DRV-SYS/sys_cfg_stm32f407.o
 .debug_macro   0x000000000001c09f       0x5f DRV-SYS/sys_cfg_stm32f407.o
 .debug_macro   0x000000000001c0fe      0x236 DRV-SYS/sys_cfg_stm32f407.o
 .debug_macro   0x000000000001c334      0x12c DRV-SYS/sys_cfg_stm32f407.o
 .debug_macro   0x000000000001c460      0x21e DRV-SYS/sys_cfg_stm32f407.o
 .debug_macro   0x000000000001c67e       0x2e DRV-SYS/sys_cfg_stm32f407.o
 .debug_macro   0x000000000001c6ac      0x11a DRV-SYS/sys_cfg_stm32f407.o
 .debug_macro   0x000000000001c7c6       0x7e DRV-SYS/sys_cfg_stm32f407.o
 .debug_macro   0x000000000001c844       0x89 DRV-SYS/sys_cfg_stm32f407.o
 .debug_macro   0x000000000001c8cd      0x12d DRV-SYS/sys_cfg_stm32f407.o
 .debug_macro   0x000000000001c9fa      0x3a0 DRV_GPIO/GPIO.o
 .debug_macro   0x000000000001cd9a       0x1c DRV_GPIO/GPIO.o
 .debug_macro   0x000000000001cdb6       0x10 DRV_GPIO/GPIO.o
 .debug_macro   0x000000000001cdc6       0x18 DRV_GPIO/GPIO.o
 .debug_macro   0x000000000001cdde       0x3c DRV_GPIO/GPIO.o
 .debug_macro   0x000000000001ce1a       0x34 DRV_GPIO/GPIO.o
 .debug_macro   0x000000000001ce4e       0x52 DRV_GPIO/GPIO.o
 .debug_macro   0x000000000001cea0       0x1f DRV_GPIO/GPIO.o
 .debug_macro   0x000000000001cebf       0x43 DRV_GPIO/GPIO.o
 .debug_macro   0x000000000001cf02       0x20 DRV_GPIO/GPIO.o
 .debug_macro   0x000000000001cf22      0x1a3 DRV_GPIO/GPIO.o
 .debug_macro   0x000000000001d0c5       0x10 DRV_GPIO/GPIO.o
 .debug_macro   0x000000000001d0d5       0x35 DRV_GPIO/GPIO.o
 .debug_macro   0x000000000001d10a       0x20 DRV_GPIO/GPIO.o
 .debug_macro   0x000000000001d12a       0x3b DRV_GPIO/GPIO.o
 .debug_macro   0x000000000001d165       0x54 DRV_GPIO/GPIO.o
 .debug_macro   0x000000000001d1b9       0x2b DRV_GPIO/GPIO.o
 .debug_macro   0x000000000001d1e4      0x1c4 Drivers/STM32F4xx_HAL_Driver/Src/stm32f4xx_hal_pwr.o
 .debug_macro   0x000000000001d3a8      0x327 Src/FreeRTOS_Source/list.o
 .debug_macro   0x000000000001d6cf      0x471 Src/FreeRTOS_Source/tasks.o
 .debug_macro   0x000000000001db40       0x10 Src/FreeRTOS_Source/tasks.o
 .debug_macro   0x000000000001db50      0x3c7 Src/FreeRTOS_Source/tasks.o
 .debug_macro   0x000000000001df17       0x16 Src/FreeRTOS_Source/tasks.o
 .debug_macro   0x000000000001df2d      0x343 Src/FreeRTOS_Source/portable/GCC/ARM_CM4F/port.o
 .debug_macro   0x000000000001e270      0x34e Src/FreeRTOS_Source/portable/MemMang/heap_4.o
 .debug_macro   0x000000000001e5be      0x169 Src/SEGGER/SEGGER_RTT.o
 .debug_macro   0x000000000001e727       0x4f Src/SEGGER/SEGGER_RTT.o
 .debug_macro   0x000000000001e776      0x115 Src/SEGGER/SEGGER_RTT.o
 .debug_macro   0x000000000001e88b      0x1fd Src/SEGGER/SEGGER_SYSVIEW.o
 .debug_macro   0x000000000001ea88       0x65 Src/SEGGER/SEGGER_SYSVIEW.o
 .debug_macro   0x000000000001eaed       0x35 Src/SEGGER/SEGGER_SYSVIEW.o
 .debug_macro   0x000000000001eb22      0x11b Src/SEGGER/SEGGER_SYSVIEW.o
 .debug_macro   0x000000000001ec3d      0x287 Src/SEGGER/SEGGER_SYSVIEW_Config_FreeRTOS.o
 .debug_macro   0x000000000001eec4      0x346 Src/SEGGER/SEGGER_SYSVIEW_FreeRTOS.o
 .debug_macro   0x000000000001f20a      0x3ac Src/main.o
 .debug_macro   0x000000000001f5b6      0x113 Src/main.o
 .debug_macro   0x000000000001f6c9       0x10 Src/main.o
 .debug_macro   0x000000000001f6d9       0x12 Src/main.o
 .debug_macro   0x000000000001f6eb      0x1e1 Src/main.o
 .debug_macro   0x000000000001f8cc       0xd6 Src/main.o
 .debug_macro   0x000000000001f9a2      0x1c0 Src/stm32f4xx_it.o
 .debug_macro   0x000000000001fb62      0x1b2 Src/system_stm32f4xx.o

.debug_line     0x0000000000000000     0xae28
 .debug_line    0x0000000000000000      0x7de DRV-SYS/sys_cfg_stm32f407.o
 .debug_line    0x00000000000007de      0xabd DRV_GPIO/GPIO.o
 .debug_line    0x000000000000129b      0x80a Drivers/STM32F4xx_HAL_Driver/Src/stm32f4xx_hal_pwr.o
 .debug_line    0x0000000000001aa5      0xac3 Src/FreeRTOS_Source/list.o
 .debug_line    0x0000000000002568     0x1a96 Src/FreeRTOS_Source/tasks.o
 .debug_line    0x0000000000003ffe      0xb53 Src/FreeRTOS_Source/portable/GCC/ARM_CM4F/port.o
 .debug_line    0x0000000000004b51      0xba9 Src/FreeRTOS_Source/portable/MemMang/heap_4.o
 .debug_line    0x00000000000056fa      0x8df Src/SEGGER/SEGGER_RTT.o
 .debug_line    0x0000000000005fd9     0x17b2 Src/SEGGER/SEGGER_SYSVIEW.o
 .debug_line    0x000000000000778b      0x938 Src/SEGGER/SEGGER_SYSVIEW_Config_FreeRTOS.o
 .debug_line    0x00000000000080c3      0xb67 Src/SEGGER/SEGGER_SYSVIEW_FreeRTOS.o
 .debug_line    0x0000000000008c2a     0x13be Src/main.o
 .debug_line    0x0000000000009fe8      0x707 Src/stm32f4xx_it.o
 .debug_line    0x000000000000a6ef      0x6b8 Src/system_stm32f4xx.o
 .debug_line    0x000000000000ada7       0x81 Startup/startup_stm32f407vgtx.o

.debug_str      0x0000000000000000    0xcda60
 .debug_str     0x0000000000000000    0xb807c DRV-SYS/sys_cfg_stm32f407.o
                                      0xb833a (size before relaxing)
 .debug_str     0x00000000000b807c     0x45ca DRV_GPIO/GPIO.o
                                      0xbc1c6 (size before relaxing)
 .debug_str     0x00000000000bc646      0x28d Drivers/STM32F4xx_HAL_Driver/Src/stm32f4xx_hal_pwr.o
                                      0xb7e44 (size before relaxing)
 .debug_str     0x00000000000bc8d3     0x6f6c Src/FreeRTOS_Source/list.o
                                      0xc19ba (size before relaxing)
 .debug_str     0x00000000000c383f     0x5acb Src/FreeRTOS_Source/tasks.o
                                      0xc7b6d (size before relaxing)
 .debug_str     0x00000000000c930a      0x7ef Src/FreeRTOS_Source/portable/GCC/ARM_CM4F/port.o
                                      0xbf7e6 (size before relaxing)
 .debug_str     0x00000000000c9af9      0x246 Src/FreeRTOS_Source/portable/MemMang/heap_4.o
                                      0xc21eb (size before relaxing)
 .debug_str     0x00000000000c9d3f      0xdc1 Src/SEGGER/SEGGER_RTT.o
                                       0x71bd (size before relaxing)
 .debug_str     0x00000000000cab00     0x135d Src/SEGGER/SEGGER_SYSVIEW.o
                                       0x915d (size before relaxing)
 .debug_str     0x00000000000cbe5d      0x126 Src/SEGGER/SEGGER_SYSVIEW_Config_FreeRTOS.o
                                      0xbe218 (size before relaxing)
 .debug_str     0x00000000000cbf83       0xd6 Src/SEGGER/SEGGER_SYSVIEW_FreeRTOS.o
                                      0xc204e (size before relaxing)
 .debug_str     0x00000000000cc059     0x18de Src/main.o
                                      0xc71b8 (size before relaxing)
 .debug_str     0x00000000000cd937       0x8d Src/stm32f4xx_it.o
                                      0xb7ac6 (size before relaxing)
 .debug_str     0x00000000000cd9c4       0x6b Src/system_stm32f4xx.o
                                      0xb7bea (size before relaxing)
 .debug_str     0x00000000000cda2f       0x31 Startup/startup_stm32f407vgtx.o
                                         0x65 (size before relaxing)

.comment        0x0000000000000000       0x7b
 .comment       0x0000000000000000       0x7b DRV-SYS/sys_cfg_stm32f407.o
                                         0x7c (size before relaxing)
 .comment       0x000000000000007b       0x7c DRV_GPIO/GPIO.o
 .comment       0x000000000000007b       0x7c Drivers/STM32F4xx_HAL_Driver/Src/stm32f4xx_hal_pwr.o
 .comment       0x000000000000007b       0x7c Src/FreeRTOS_Source/list.o
 .comment       0x000000000000007b       0x7c Src/FreeRTOS_Source/tasks.o
 .comment       0x000000000000007b       0x7c Src/FreeRTOS_Source/portable/GCC/ARM_CM4F/port.o
 .comment       0x000000000000007b       0x7c Src/FreeRTOS_Source/portable/MemMang/heap_4.o
 .comment       0x000000000000007b       0x7c Src/SEGGER/SEGGER_RTT.o
 .comment       0x000000000000007b       0x7c Src/SEGGER/SEGGER_SYSVIEW.o
 .comment       0x000000000000007b       0x7c Src/SEGGER/SEGGER_SYSVIEW_Config_FreeRTOS.o
 .comment       0x000000000000007b       0x7c Src/SEGGER/SEGGER_SYSVIEW_FreeRTOS.o
 .comment       0x000000000000007b       0x7c Src/main.o
 .comment       0x000000000000007b       0x7c Src/stm32f4xx_it.o
 .comment       0x000000000000007b       0x7c Src/system_stm32f4xx.o

.debug_frame    0x0000000000000000     0x2ff0
 .debug_frame   0x0000000000000000      0x138 DRV-SYS/sys_cfg_stm32f407.o
 .debug_frame   0x0000000000000138      0x12c DRV_GPIO/GPIO.o
 .debug_frame   0x0000000000000264      0x254 Drivers/STM32F4xx_HAL_Driver/Src/stm32f4xx_hal_pwr.o
 .debug_frame   0x00000000000004b8       0xd8 Src/FreeRTOS_Source/list.o
 .debug_frame   0x0000000000000590      0xb34 Src/FreeRTOS_Source/tasks.o
 .debug_frame   0x00000000000010c4      0x1a8 Src/FreeRTOS_Source/portable/GCC/ARM_CM4F/port.o
 .debug_frame   0x000000000000126c      0x108 Src/FreeRTOS_Source/portable/MemMang/heap_4.o
 .debug_frame   0x0000000000001374      0x478 Src/SEGGER/SEGGER_RTT.o
 .debug_frame   0x00000000000017ec      0xb5c Src/SEGGER/SEGGER_SYSVIEW.o
 .debug_frame   0x0000000000002348       0x48 Src/SEGGER/SEGGER_SYSVIEW_Config_FreeRTOS.o
 .debug_frame   0x0000000000002390      0x100 Src/SEGGER/SEGGER_SYSVIEW_FreeRTOS.o
 .debug_frame   0x0000000000002490      0x898 Src/main.o
 .debug_frame   0x0000000000002d28       0xb0 Src/stm32f4xx_it.o
 .debug_frame   0x0000000000002dd8       0x58 Src/system_stm32f4xx.o
 .debug_frame   0x0000000000002e30       0x2c c:/st/stm32cubeide_1.0.2/stm32cubeide/plugins/com.st.stm32cube.ide.mcu.externaltools.gnu-tools-for-stm32.7-2018-q2-update.win32_1.0.0.201904181610/tools/bin/../lib/gcc/arm-none-eabi/7.3.1/../../../../arm-none-eabi/lib/thumb/v7e-m/fpv4-sp/hard\libc_nano.a(lib_a-init.o)
 .debug_frame   0x0000000000002e5c       0x2c c:/st/stm32cubeide_1.0.2/stm32cubeide/plugins/com.st.stm32cube.ide.mcu.externaltools.gnu-tools-for-stm32.7-2018-q2-update.win32_1.0.0.201904181610/tools/bin/../lib/gcc/arm-none-eabi/7.3.1/../../../../arm-none-eabi/lib/thumb/v7e-m/fpv4-sp/hard\libc_nano.a(lib_a-memcmp.o)
 .debug_frame   0x0000000000002e88       0x28 c:/st/stm32cubeide_1.0.2/stm32cubeide/plugins/com.st.stm32cube.ide.mcu.externaltools.gnu-tools-for-stm32.7-2018-q2-update.win32_1.0.0.201904181610/tools/bin/../lib/gcc/arm-none-eabi/7.3.1/../../../../arm-none-eabi/lib/thumb/v7e-m/fpv4-sp/hard\libc_nano.a(lib_a-memcpy-stub.o)
 .debug_frame   0x0000000000002eb0       0x20 c:/st/stm32cubeide_1.0.2/stm32cubeide/plugins/com.st.stm32cube.ide.mcu.externaltools.gnu-tools-for-stm32.7-2018-q2-update.win32_1.0.0.201904181610/tools/bin/../lib/gcc/arm-none-eabi/7.3.1/../../../../arm-none-eabi/lib/thumb/v7e-m/fpv4-sp/hard\libc_nano.a(lib_a-memset.o)
 .debug_frame   0x0000000000002ed0       0xac c:/st/stm32cubeide_1.0.2/stm32cubeide/plugins/com.st.stm32cube.ide.mcu.externaltools.gnu-tools-for-stm32.7-2018-q2-update.win32_1.0.0.201904181610/tools/bin/../lib/gcc/arm-none-eabi/7.3.1/thumb/v7e-m/fpv4-sp/hard\libgcc.a(_arm_addsubdf3.o)
 .debug_frame   0x0000000000002f7c       0x50 c:/st/stm32cubeide_1.0.2/stm32cubeide/plugins/com.st.stm32cube.ide.mcu.externaltools.gnu-tools-for-stm32.7-2018-q2-update.win32_1.0.0.201904181610/tools/bin/../lib/gcc/arm-none-eabi/7.3.1/thumb/v7e-m/fpv4-sp/hard\libgcc.a(_arm_muldivdf3.o)
 .debug_frame   0x0000000000002fcc       0x24 c:/st/stm32cubeide_1.0.2/stm32cubeide/plugins/com.st.stm32cube.ide.mcu.externaltools.gnu-tools-for-stm32.7-2018-q2-update.win32_1.0.0.201904181610/tools/bin/../lib/gcc/arm-none-eabi/7.3.1/thumb/v7e-m/fpv4-sp/hard\libgcc.a(_arm_truncdfsf2.o)
