core_cm4.h:1698:22:NVIC_SetPriority	16	static
core_cm4.h:1830:26:SysTick_Config	16	static
tasks.c:885:16:xTaskCreate	56	static
tasks.c:976:17:prvInitialiseNewTask	40	static,ignoring_inline_asm
tasks.c:1227:17:prvAddNewTaskToReadyList	32	static,ignoring_inline_asm
tasks.c:1312:10:vTaskDelete	24	static,ignoring_inline_asm
tasks.c:1404:10:vTaskDelayUntil	48	static,ignoring_inline_asm
tasks.c:1488:10:vTaskDelay	24	static,ignoring_inline_asm
tasks.c:1625:17:uxTaskPriorityGet	24	static
tasks.c:1647:17:uxTaskPriorityGetFromISR	40	static,ignoring_inline_asm
tasks.c:1687:10:vTaskPrioritySet	48	static,ignoring_inline_asm
tasks.c:1851:10:vTaskSuspend	24	static,ignoring_inline_asm
tasks.c:1952:23:prvTaskIsTaskSuspended	32	static,ignoring_inline_asm
tasks.c:1998:10:vTaskResume	24	static,ignoring_inline_asm
tasks.c:2052:16:xTaskResumeFromISR	48	static,ignoring_inline_asm
tasks.c:2122:10:vTaskStartScheduler	32	static,ignoring_inline_asm
tasks.c:2258:10:vTaskEndScheduler	16	static,ignoring_inline_asm
tasks.c:2269:10:vTaskSuspendAll	4	static,ignoring_inline_asm
tasks.c:2343:16:xTaskResumeAll	24	static,ignoring_inline_asm
tasks.c:2453:16:xTaskGetTickCount	16	static
tasks.c:2468:16:xTaskGetTickCountFromISR	16	static
tasks.c:2499:17:uxTaskGetNumberOfTasks	4	static
tasks.c:2507:11:pcTaskGetName	24	static,ignoring_inline_asm
tasks.c:2728:18:xTaskGetIdleTaskHandle	16	static,ignoring_inline_asm
tasks.c:2837:10:healthCheck	8	static
tasks.c:2867:16:xTaskIncrementTick	32	static
tasks.c:3175:10:vTaskSwitchContext	16	static
tasks.c:3285:10:vTaskPlaceOnEventList	24	static,ignoring_inline_asm
tasks.c:3302:10:vTaskPlaceOnUnorderedEventList	32	static,ignoring_inline_asm
tasks.c:3359:16:xTaskRemoveFromEventList	32	static,ignoring_inline_asm
tasks.c:3427:10:vTaskRemoveFromUnorderedEventList	32	static,ignoring_inline_asm
tasks.c:3461:10:vTaskSetTimeOutState	24	static,ignoring_inline_asm
tasks.c:3473:10:vTaskInternalSetTimeOutState	16	static
tasks.c:3481:16:xTaskCheckForTimeOut	40	static,ignoring_inline_asm
tasks.c:3544:10:vTaskMissedYield	4	static
tasks.c:3599:12:prvIdleTask	16	static,ignoring_inline_asm
tasks.c:3811:17:prvInitialiseTaskLists	16	static
tasks.c:3843:17:prvCheckTasksWaitingTermination	16	static
tasks.c:4091:17:prvDeleteTCB	16	static
tasks.c:4145:17:prvResetNextTaskUnblockTime	16	static
tasks.c:4171:18:xTaskGetCurrentTaskHandle	16	static
tasks.c:4216:16:xTaskPriorityInherit	24	static
tasks.c:4303:16:xTaskPriorityDisinherit	32	static,ignoring_inline_asm
tasks.c:4383:10:vTaskPriorityDisinheritAfterTimeout	40	static,ignoring_inline_asm
tasks.c:4798:16:uxTaskResetEventItemValue	16	static
tasks.c:4814:18:pvTaskIncrementMutexHeldCount	4	static
tasks.c:4831:14:ulTaskNotifyTake	24	static,ignoring_inline_asm
tasks.c:4899:16:xTaskNotifyWait	40	static,ignoring_inline_asm
tasks.c:4979:16:xTaskGenericNotify	56	static,ignoring_inline_asm
tasks.c:5093:16:xTaskGenericNotifyFromISR	72	static,ignoring_inline_asm
tasks.c:5222:10:vTaskNotifyGiveFromISR	48	static,ignoring_inline_asm
tasks.c:5309:16:xTaskNotifyStateClear	24	static
tasks.c:5346:17:prvAddCurrentTaskToDelayedList	24	static
tasks.c:5492:16:MsFreeRTOS_CreateTask	56	static
tasks.c:5572:16:MsFreeRTOS_CreateEnergySavingTask	56	static
tasks.c:5656:10:Ms_EndJob_Exec	16	static,ignoring_inline_asm
tasks.c:5674:10:Ms_EndJobEsTask_Exec	16	static,ignoring_inline_asm
tasks.c:5687:18:NEXT_LIST	56	static
tasks.c:5701:18:LIST_ADD_HEAD	40	static
tasks.c:5724:12:LIST_REMOVE_HEAD	48	static
tasks.c:5764:10:setup	16	static
tasks.c:5772:9:rightmost_index	16	static
tasks.c:5782:10:rel_prmp	32	static
tasks.c:5800:12:idle_remv	32	static
tasks.c:5818:10:rel_no_prmp	48	static
tasks.c:5882:10:LIST_MOVE_ENTIRE	56	static
tasks.c:5917:10:LIST_MOVE_PART	96	static
tasks.c:6036:9:LIST_CHECK_ORDER	32	static
tasks.c:6071:18:NOT_READY_LIST_ADD_DECREASE_ORDER	32	static
tasks.c:6132:12:NOT_READY_LIST_REMOVE_HEAD	24	static
tasks.c:6161:9:LIST_CHECK_ORDER_NOT_READY	32	static
tasks.c:6209:9:bitScanForward	24	static
tasks.c:6215:9:SC_GetReleaseTime	16	static
tasks.c:6225:10:Es_Func	16	static
